Archive member included to satisfy reference by file (symbol)

D:\Main\Repos\eMote\MicroFrameworkPK_v4_3\BuildOutput\THUMB2\GCC5.4\le\FLASH\RTM\SmartFusion2\lib\tmp_RoT.lib(FirstEntry.obj)
                              (EntryPoint)
D:\Main\Repos\eMote\MicroFrameworkPK_v4_3\BuildOutput\THUMB2\GCC5.4\le\FLASH\RTM\SmartFusion2\lib\tmp_RoT.lib(RoT_Services.obj)
                              D:\Main\Repos\eMote\MicroFrameworkPK_v4_3\BuildOutput\THUMB2\GCC5.4\le\FLASH\RTM\SmartFusion2\obj\Solutions\SmartFusion2\RoT\RoT.obj (SecureOS_Boot(OSModule, unsigned int, unsigned char*, unsigned int, unsigned char*, unsigned int))
D:\Main\Repos\eMote\MicroFrameworkPK_v4_3\BuildOutput\THUMB2\GCC5.4\le\FLASH\RTM\SmartFusion2\lib\tmp_RoT.lib(SF2_HW_Crypto.obj)
                              D:\Main\Repos\eMote\MicroFrameworkPK_v4_3\BuildOutput\THUMB2\GCC5.4\le\FLASH\RTM\SmartFusion2\lib\tmp_RoT.lib(RoT_Services.obj) (Crypto_GetHMAC)
D:\Main\Repos\eMote\MicroFrameworkPK_v4_3\BuildOutput\THUMB2\GCC5.4\le\FLASH\RTM\SmartFusion2\lib\tmp_RoT.lib(tinyclr_vector.obj)
                              D:\Main\Repos\eMote\MicroFrameworkPK_v4_3\BuildOutput\THUMB2\GCC5.4\le\FLASH\RTM\SmartFusion2\lib\tmp_RoT.lib(FirstEntry.obj) (VectorRelocate)
D:\Main\Repos\eMote\MicroFrameworkPK_v4_3\BuildOutput\THUMB2\GCC5.4\le\FLASH\RTM\SmartFusion2\lib\tmp_RoT.lib(tinycrt.obj)
                              D:\Main\Repos\eMote\MicroFrameworkPK_v4_3\BuildOutput\THUMB2\GCC5.4\le\FLASH\RTM\SmartFusion2\lib\tmp_RoT.lib(RoT_Services.obj) (hal_printf(char const*, ...))
D:\Main\Repos\eMote\MicroFrameworkPK_v4_3\BuildOutput\THUMB2\GCC5.4\le\FLASH\RTM\SmartFusion2\lib\tmp_RoT.lib(tinyhal.obj)
                              D:\Main\Repos\eMote\MicroFrameworkPK_v4_3\BuildOutput\THUMB2\GCC5.4\le\FLASH\RTM\SmartFusion2\lib\tmp_RoT.lib(FirstEntry.obj) (BootEntry)
D:\Main\Repos\eMote\MicroFrameworkPK_v4_3\BuildOutput\THUMB2\GCC5.4\le\FLASH\RTM\SmartFusion2\lib\tmp_RoT.lib(VectorsTrampolines.obj)
                              (ARM_Vectors)
D:\Main\Repos\eMote\MicroFrameworkPK_v4_3\BuildOutput\THUMB2\GCC5.4\le\FLASH\RTM\SmartFusion2\lib\tmp_RoT.lib(VirtualTimer_pal.obj)
                              D:\Main\Repos\eMote\MicroFrameworkPK_v4_3\BuildOutput\THUMB2\GCC5.4\le\FLASH\RTM\SmartFusion2\lib\tmp_RoT.lib(tinyhal.obj) (VirtTimer_Initialize())
D:\Main\Repos\eMote\MicroFrameworkPK_v4_3\BuildOutput\THUMB2\GCC5.4\le\FLASH\RTM\SmartFusion2\lib\tmp_RoT.lib(Watchdog_stubs.obj)
                              D:\Main\Repos\eMote\MicroFrameworkPK_v4_3\BuildOutput\THUMB2\GCC5.4\le\FLASH\RTM\SmartFusion2\lib\tmp_RoT.lib(tinyhal.obj) (Watchdog_GetSetEnabled(unsigned int, unsigned int))
D:\Main\Repos\eMote\MicroFrameworkPK_v4_3\BuildOutput\THUMB2\GCC5.4\le\FLASH\RTM\SmartFusion2\lib\tmp_RoT.lib(asyncproccall_fastcompile.obj)
                              D:\Main\Repos\eMote\MicroFrameworkPK_v4_3\BuildOutput\THUMB2\GCC5.4\le\FLASH\RTM\SmartFusion2\lib\tmp_RoT.lib(tinyhal.obj) (HAL_COMPLETION::InitializeList())
D:\Main\Repos\eMote\MicroFrameworkPK_v4_3\BuildOutput\THUMB2\GCC5.4\le\FLASH\RTM\SmartFusion2\lib\tmp_RoT.lib(bl_addDevices.obj)
                              D:\Main\Repos\eMote\MicroFrameworkPK_v4_3\BuildOutput\THUMB2\GCC5.4\le\FLASH\RTM\SmartFusion2\lib\tmp_RoT.lib(tinyhal.obj) (BlockStorage_AddDevices())
D:\Main\Repos\eMote\MicroFrameworkPK_v4_3\BuildOutput\THUMB2\GCC5.4\le\FLASH\RTM\SmartFusion2\lib\tmp_RoT.lib(bl_config.obj)
                              D:\Main\Repos\eMote\MicroFrameworkPK_v4_3\BuildOutput\THUMB2\GCC5.4\le\FLASH\RTM\SmartFusion2\lib\tmp_RoT.lib(bl_addDevices.obj) (SF2_CM3_BlockStorageDevice_InternalFlash)
D:\Main\Repos\eMote\MicroFrameworkPK_v4_3\BuildOutput\THUMB2\GCC5.4\le\FLASH\RTM\SmartFusion2\lib\tmp_RoT.lib(blockstoragelist.obj)
                              D:\Main\Repos\eMote\MicroFrameworkPK_v4_3\BuildOutput\THUMB2\GCC5.4\le\FLASH\RTM\SmartFusion2\lib\tmp_RoT.lib(tinyhal.obj) (BlockStorageList::Initialize())
D:\Main\Repos\eMote\MicroFrameworkPK_v4_3\BuildOutput\THUMB2\GCC5.4\le\FLASH\RTM\SmartFusion2\lib\tmp_RoT.lib(bootstrap.obj)
                              D:\Main\Repos\eMote\MicroFrameworkPK_v4_3\BuildOutput\THUMB2\GCC5.4\le\FLASH\RTM\SmartFusion2\lib\tmp_RoT.lib(FirstEntry.obj) (BootstrapCode)
D:\Main\Repos\eMote\MicroFrameworkPK_v4_3\BuildOutput\THUMB2\GCC5.4\le\FLASH\RTM\SmartFusion2\lib\tmp_RoT.lib(ComDirector_stubs.obj)
                              D:\Main\Repos\eMote\MicroFrameworkPK_v4_3\BuildOutput\THUMB2\GCC5.4\le\FLASH\RTM\SmartFusion2\lib\tmp_RoT.lib(tinycrt.obj) (DebuggerPort_Write(int, char const*, unsigned int))
D:\Main\Repos\eMote\MicroFrameworkPK_v4_3\BuildOutput\THUMB2\GCC5.4\le\FLASH\RTM\SmartFusion2\lib\tmp_RoT.lib(Commands.obj)
                              D:\Main\Repos\eMote\MicroFrameworkPK_v4_3\BuildOutput\THUMB2\GCC5.4\le\FLASH\RTM\SmartFusion2\lib\tmp_RoT.lib(RoT_Services.obj) (Loader_Engine::EnumerateAndLaunch())
[...]
Memory Configuration

Name             Origin             Length             Attributes
LR_FLASH         0x60000000         0x00065800
LR_FLASH_Mirror  0x00000000         0x00065800
STACK            0x20000000         0x00001001
HEAP             0x200085ac         0x0000784d
CUSTOMHEAP       0x2000fe00         0x000001f9
LR_CONFIG        0x6007f000         0x00001000
RELOC_RAM        0x20001008         0x000075ac
*default*        0x00000000         0xffffffff

Linker script and memory map

                [!provide]                PROVIDE (__mirrored_nvm, 0x0)
                [!provide]                PROVIDE (__smartfusion2_memory_remap, 0x0)

ER_FLASH        0x00000000     0x650c load address 0x60000000
 *(VectorsTrampolines)
 VectorsTrampolines
                0x00000000      0x1e4 D:\Main\Repos\eMote\MicroFrameworkPK_v4_3\BuildOutput\THUMB2\GCC5.4\le\FLASH\RTM\SmartFusion2\lib\tmp_RoT.lib(VectorsTrampolines.obj)
                0x00000000                ARM_Vectors
 *(i.EntryPoint)
 i.EntryPoint   0x000001e4       0x24 D:\Main\Repos\eMote\MicroFrameworkPK_v4_3\BuildOutput\THUMB2\GCC5.4\le\FLASH\RTM\SmartFusion2\lib\tmp_RoT.lib(FirstEntry.obj)
                0x000001f0                EntryPoint
 *(SectionForBootstrapOperations)
 SectionForBootstrapOperations
                0x00000208       0x2c D:\Main\Repos\eMote\MicroFrameworkPK_v4_3\BuildOutput\THUMB2\GCC5.4\le\FLASH\RTM\SmartFusion2\lib\tmp_RoT.lib(tinyclr_vector.obj)
                0x00000208                VectorRelocate
 SectionForBootstrapOperations
                0x00000234       0x90 D:\Main\Repos\eMote\MicroFrameworkPK_v4_3\BuildOutput\THUMB2\GCC5.4\le\FLASH\RTM\SmartFusion2\lib\tmp_RoT.lib(tinyhal.obj)
                0x00000268                PrepareImageRegions
 *(.text*)
 .text._Z21ApplicationEntryPointv
                0x000002c4       0x2e D:\Main\Repos\eMote\MicroFrameworkPK_v4_3\BuildOutput\THUMB2\GCC5.4\le\FLASH\RTM\SmartFusion2\obj\Solutions\SmartFusion2\RoT\RoT.obj
                0x000002c4                ApplicationEntryPoint()
 .text._Z12AttestBinaryPhjS_jS_j
                0x000002f2       0x52 D:\Main\Repos\eMote\MicroFrameworkPK_v4_3\BuildOutput\THUMB2\GCC5.4\le\FLASH\RTM\SmartFusion2\lib\tmp_RoT.lib(RoT_Services.obj)
                0x000002f2                AttestBinary(unsigned char*, unsigned int, unsigned char*, unsigned int, unsigned char*, unsigned int)
 .text._Z8AttestOS8OSModulejPhjS0_j
                0x00000344       0x1a D:\Main\Repos\eMote\MicroFrameworkPK_v4_3\BuildOutput\THUMB2\GCC5.4\le\FLASH\RTM\SmartFusion2\lib\tmp_RoT.lib(RoT_Services.obj)
                0x00000344                AttestOS(OSModule, unsigned int, unsigned char*, unsigned int, unsigned char*, unsigned int)
 .text._Z7BootRoTv
                0x0000035e        0xc D:\Main\Repos\eMote\MicroFrameworkPK_v4_3\BuildOutput\THUMB2\GCC5.4\le\FLASH\RTM\SmartFusion2\lib\tmp_RoT.lib(RoT_Services.obj)
                0x0000035e                BootRoT()
 .text._Z13SecureOS_Boot8OSModulejPhjS0_j
                0x0000036a       0x36 D:\Main\Repos\eMote\MicroFrameworkPK_v4_3\BuildOutput\THUMB2\GCC5.4\le\FLASH\RTM\SmartFusion2\lib\tmp_RoT.lib(RoT_Services.obj)
                0x0000036a                SecureOS_Boot(OSModule, unsigned int, unsigned char*, unsigned int, unsigned char*, unsigned int)
 .text._Z27Tinybooter_ProgramWordCheckv
                0x000003a0        0xa D:\Main\Repos\eMote\MicroFrameworkPK_v4_3\BuildOutput\THUMB2\GCC5.4\le\FLASH\RTM\SmartFusion2\lib\tmp_RoT.lib(RoT_Services.obj)
                0x000003a0                Tinybooter_ProgramWordCheck()
 .text.Crypto_GetHMAC
                0x000003aa       0x12 D:\Main\Repos\eMote\MicroFrameworkPK_v4_3\BuildOutput\THUMB2\GCC5.4\le\FLASH\RTM\SmartFusion2\lib\tmp_RoT.lib(SF2_HW_Crypto.obj)
                0x000003aa                Crypto_GetHMAC
 .text._Z12hal_vfprintfiPKcSt9__va_list
                0x000003bc       0x40 D:\Main\Repos\eMote\MicroFrameworkPK_v4_3\BuildOutput\THUMB2\GCC5.4\le\FLASH\RTM\SmartFusion2\lib\tmp_RoT.lib(tinycrt.obj)
                0x000003bc                hal_vfprintf(int, char const*, std::__va_list)
 .text._Z11hal_vprintfPKcSt9__va_list
                0x000003fc       0x12 D:\Main\Repos\eMote\MicroFrameworkPK_v4_3\BuildOutput\THUMB2\GCC5.4\le\FLASH\RTM\SmartFusion2\lib\tmp_RoT.lib(tinycrt.obj)
                0x000003fc                hal_vprintf(char const*, std::__va_list)
 .text._Z10hal_printfPKcz
                0x0000040e       0x1a D:\Main\Repos\eMote\MicroFrameworkPK_v4_3\BuildOutput\THUMB2\GCC5.4\le\FLASH\RTM\SmartFusion2\lib\tmp_RoT.lib(tinycrt.obj)
                0x0000040e                hal_printf(char const*, ...)
 .text._Z14HAL_Initializev
                0x00000428       0x48 D:\Main\Repos\eMote\MicroFrameworkPK_v4_3\BuildOutput\THUMB2\GCC5.4\le\FLASH\RTM\SmartFusion2\lib\tmp_RoT.lib(tinyhal.obj)
                0x00000428                HAL_Initialize()
 .text.BootEntry
                0x00000470       0x88 D:\Main\Repos\eMote\MicroFrameworkPK_v4_3\BuildOutput\THUMB2\GCC5.4\le\FLASH\RTM\SmartFusion2\lib\tmp_RoT.lib(tinyhal.obj)
                0x00000470                BootEntry
 .text.SystemState_SetNoLock
                0x000004f8       0x14 D:\Main\Repos\eMote\MicroFrameworkPK_v4_3\BuildOutput\THUMB2\GCC5.4\le\FLASH\RTM\SmartFusion2\lib\tmp_RoT.lib(tinyhal.obj)
                0x000004f8                SystemState_SetNoLock
 .text.SystemState_ClearNoLock
                0x0000050c       0x14 D:\Main\Repos\eMote\MicroFrameworkPK_v4_3\BuildOutput\THUMB2\GCC5.4\le\FLASH\RTM\SmartFusion2\lib\tmp_RoT.lib(tinyhal.obj)
                0x0000050c                SystemState_ClearNoLock
 .text.SystemState_QueryNoLock
                0x00000520       0x16 D:\Main\Repos\eMote\MicroFrameworkPK_v4_3\BuildOutput\THUMB2\GCC5.4\le\FLASH\RTM\SmartFusion2\lib\tmp_RoT.lib(tinyhal.obj)
                0x00000520                SystemState_QueryNoLock
 .text._ZN24VirtTimerHelperFunctions12AssignMapperEjRh
                0x00000536        0xe D:\Main\Repos\eMote\MicroFrameworkPK_v4_3\BuildOutput\THUMB2\GCC5.4\le\FLASH\RTM\SmartFusion2\lib\tmp_RoT.lib(VirtualTimer_pal.obj)
                0x00000536                VirtTimerHelperFunctions::AssignMapper(unsigned int, unsigned char&)
 .text._ZN24VirtTimerHelperFunctions23HardwareVirtTimerMapperEhRh
                0x00000544        0x6 D:\Main\Repos\eMote\MicroFrameworkPK_v4_3\BuildOutput\THUMB2\GCC5.4\le\FLASH\RTM\SmartFusion2\lib\tmp_RoT.lib(VirtualTimer_pal.obj)
                0x00000544                VirtTimerHelperFunctions::HardwareVirtTimerMapper(unsigned char, unsigned char&)
 .text._Z20VirtTimer_Initializev
                0x0000054a       0x26 D:\Main\Repos\eMote\MicroFrameworkPK_v4_3\BuildOutput\THUMB2\GCC5.4\le\FLASH\RTM\SmartFusion2\lib\tmp_RoT.lib(VirtualTimer_pal.obj)
                0x0000054a                VirtTimer_Initialize()
 .text._Z18VirtTimer_SetTimerhjjjjPFvPvEh
                0x00000570       0x50 D:\Main\Repos\eMote\MicroFrameworkPK_v4_3\BuildOutput\THUMB2\GCC5.4\le\FLASH\RTM\SmartFusion2\lib\tmp_RoT.lib(VirtualTimer_pal.obj)
                0x00000570                VirtTimer_SetTimer(unsigned char, unsigned int, unsigned int, unsigned int, unsigned int, void (*)(void*), unsigned char)
 .text._Z15VirtTimer_Starth
                0x000005c0       0x36 D:\Main\Repos\eMote\MicroFrameworkPK_v4_3\BuildOutput\THUMB2\GCC5.4\le\FLASH\RTM\SmartFusion2\lib\tmp_RoT.lib(VirtualTimer_pal.obj)
                0x000005c0                VirtTimer_Start(unsigned char)
 .text._Z14VirtTimer_Stoph
                0x000005f6       0x36 D:\Main\Repos\eMote\MicroFrameworkPK_v4_3\BuildOutput\THUMB2\GCC5.4\le\FLASH\RTM\SmartFusion2\lib\tmp_RoT.lib(VirtualTimer_pal.obj)
                0x000005f6                VirtTimer_Stop(unsigned char)
 .text._Z16VirtTimer_Changehjjjh
                0x0000062c       0x44 D:\Main\Repos\eMote\MicroFrameworkPK_v4_3\BuildOutput\THUMB2\GCC5.4\le\FLASH\RTM\SmartFusion2\lib\tmp_RoT.lib(VirtualTimer_pal.obj)
                0x0000062c                VirtTimer_Change(unsigned char, unsigned int, unsigned int, unsigned int, unsigned char)
 .text._Z29VirtTimer_TicksToMicrosecondshy
                0x00000670       0x20 D:\Main\Repos\eMote\MicroFrameworkPK_v4_3\BuildOutput\THUMB2\GCC5.4\le\FLASH\RTM\SmartFusion2\lib\tmp_RoT.lib(VirtualTimer_pal.obj)
                0x00000670                VirtTimer_TicksToMicroseconds(unsigned char, unsigned long long)
 .text._Z18VirtTimer_GetTicksh
                0x00000690       0x1a D:\Main\Repos\eMote\MicroFrameworkPK_v4_3\BuildOutput\THUMB2\GCC5.4\le\FLASH\RTM\SmartFusion2\lib\tmp_RoT.lib(VirtualTimer_pal.obj)
                0x00000690                VirtTimer_GetTicks(unsigned char)
 .text._Z21VirtTimer_GetMaxTicksh
                0x000006aa       0x1a D:\Main\Repos\eMote\MicroFrameworkPK_v4_3\BuildOutput\THUMB2\GCC5.4\le\FLASH\RTM\SmartFusion2\lib\tmp_RoT.lib(VirtualTimer_pal.obj)
                0x000006aa                VirtTimer_GetMaxTicks(unsigned char)
 .text._Z22VirtTimer_GetNextAlarmv
                0x000006c4       0x2c D:\Main\Repos\eMote\MicroFrameworkPK_v4_3\BuildOutput\THUMB2\GCC5.4\le\FLASH\RTM\SmartFusion2\lib\tmp_RoT.lib(VirtualTimer_pal.obj)
                0x000006c4                VirtTimer_GetNextAlarm()
 .text._Z22Watchdog_GetSetEnabledjj
                0x000006f0        0x4 D:\Main\Repos\eMote\MicroFrameworkPK_v4_3\BuildOutput\THUMB2\GCC5.4\le\FLASH\RTM\SmartFusion2\lib\tmp_RoT.lib(Watchdog_stubs.obj)
                0x000006f0                Watchdog_GetSetEnabled(unsigned int, unsigned int)
 .text._Z22Watchdog_GetSetTimeoutij
                0x000006f4        0x4 D:\Main\Repos\eMote\MicroFrameworkPK_v4_3\BuildOutput\THUMB2\GCC5.4\le\FLASH\RTM\SmartFusion2\lib\tmp_RoT.lib(Watchdog_stubs.obj)
                0x000006f4                Watchdog_GetSetTimeout(int, unsigned int)
 .text._Z23Watchdog_GetSetBehavior17Watchdog_Behaviorj
                0x000006f8        0x4 D:\Main\Repos\eMote\MicroFrameworkPK_v4_3\BuildOutput\THUMB2\GCC5.4\le\FLASH\RTM\SmartFusion2\lib\tmp_RoT.lib(Watchdog_stubs.obj)
                0x000006f8                Watchdog_GetSetBehavior(Watchdog_Behavior, unsigned int)
 .text._ZN17HAL_DblLinkedListI16HAL_CONTINUATIONE16InsertBeforeNodeEPS0_S2_.isra.6
                0x000006fc       0x20 D:\Main\Repos\eMote\MicroFrameworkPK_v4_3\BuildOutput\THUMB2\GCC5.4\le\FLASH\RTM\SmartFusion2\lib\tmp_RoT.lib(asyncproccall_fastcompile.obj)
 .text._ZNK12HAL_CALLBACK7ExecuteEv
                0x0000071c        0xa D:\Main\Repos\eMote\MicroFrameworkPK_v4_3\BuildOutput\THUMB2\GCC5.4\le\FLASH\RTM\SmartFusion2\lib\tmp_RoT.lib(asyncproccall_fastcompile.obj)
                0x0000071c                HAL_CALLBACK::Execute() const
 .text._ZN14HAL_COMPLETION14InitializeListEv
                0x00000726       0x14 D:\Main\Repos\eMote\MicroFrameworkPK_v4_3\BuildOutput\THUMB2\GCC5.4\le\FLASH\RTM\SmartFusion2\lib\tmp_RoT.lib(asyncproccall_fastcompile.obj)
                0x00000726                HAL_COMPLETION::InitializeList()
 .text._ZN14HAL_COMPLETION17WaitForInterruptsEyjy
                0x0000073a      0x10e D:\Main\Repos\eMote\MicroFrameworkPK_v4_3\BuildOutput\THUMB2\GCC5.4\le\FLASH\RTM\SmartFusion2\lib\tmp_RoT.lib(asyncproccall_fastcompile.obj)
                0x0000073a                HAL_COMPLETION::WaitForInterrupts(unsigned long long, unsigned int, unsigned long long)
 .text._ZN16HAL_CONTINUATION8IsLinkedEv
                0x00000848        0xa D:\Main\Repos\eMote\MicroFrameworkPK_v4_3\BuildOutput\THUMB2\GCC5.4\le\FLASH\RTM\SmartFusion2\lib\tmp_RoT.lib(asyncproccall_fastcompile.obj)
                0x00000848                HAL_CONTINUATION::IsLinked()
 .text._ZN16HAL_CONTINUATION14InitializeListEv
                0x00000852       0x14 D:\Main\Repos\eMote\MicroFrameworkPK_v4_3\BuildOutput\THUMB2\GCC5.4\le\FLASH\RTM\SmartFusion2\lib\tmp_RoT.lib(asyncproccall_fastcompile.obj)
                0x00000852                HAL_CONTINUATION::InitializeList()
 .text._ZN16HAL_CONTINUATION7EnqueueEv
                0x00000866       0x28 D:\Main\Repos\eMote\MicroFrameworkPK_v4_3\BuildOutput\THUMB2\GCC5.4\le\FLASH\RTM\SmartFusion2\lib\tmp_RoT.lib(asyncproccall_fastcompile.obj)
                0x00000866                HAL_CONTINUATION::Enqueue()
 .text._ZN14HAL_COMPLETION7ExecuteEv
                0x0000088e       0x16 D:\Main\Repos\eMote\MicroFrameworkPK_v4_3\BuildOutput\THUMB2\GCC5.4\le\FLASH\RTM\SmartFusion2\lib\tmp_RoT.lib(asyncproccall_fastcompile.obj)
                0x0000088e                HAL_COMPLETION::Execute()
 .text._ZN16HAL_CONTINUATION18InitializeCallbackEPFvPvES0_
                0x000008a4        0xc D:\Main\Repos\eMote\MicroFrameworkPK_v4_3\BuildOutput\THUMB2\GCC5.4\le\FLASH\RTM\SmartFusion2\lib\tmp_RoT.lib(asyncproccall_fastcompile.obj)
                0x000008a4                HAL_CONTINUATION::InitializeCallback(void (*)(void*), void*)
 .text._ZN17HAL_DblLinkedNodeI16HAL_CONTINUATIONE6UnlinkEv
                0x000008b0       0x14 D:\Main\Repos\eMote\MicroFrameworkPK_v4_3\BuildOutput\THUMB2\GCC5.4\le\FLASH\RTM\SmartFusion2\lib\tmp_RoT.lib(asyncproccall_fastcompile.obj)
                0x000008b0                HAL_DblLinkedNode<HAL_CONTINUATION>::Unlink()
 .text._ZN14HAL_COMPLETION14DequeueAndExecEv
                0x000008c4       0x4a D:\Main\Repos\eMote\MicroFrameworkPK_v4_3\BuildOutput\THUMB2\GCC5.4\le\FLASH\RTM\SmartFusion2\lib\tmp_RoT.lib(asyncproccall_fastcompile.obj)
                0x000008c4                HAL_COMPLETION::DequeueAndExec()
 .text._ZN17HAL_DblLinkedListI16HAL_CONTINUATIONE16ExtractFirstNodeEv
                0x0000090e       0x12 D:\Main\Repos\eMote\MicroFrameworkPK_v4_3\BuildOutput\THUMB2\GCC5.4\le\FLASH\RTM\SmartFusion2\lib\tmp_RoT.lib(asyncproccall_fastcompile.obj)
                0x0000090e                HAL_DblLinkedList<HAL_CONTINUATION>::ExtractFirstNode()
 .text._ZN16HAL_CONTINUATION19Dequeue_And_ExecuteEv
                0x00000920       0x54 D:\Main\Repos\eMote\MicroFrameworkPK_v4_3\BuildOutput\THUMB2\GCC5.4\le\FLASH\RTM\SmartFusion2\lib\tmp_RoT.lib(asyncproccall_fastcompile.obj)
                0x00000920                HAL_CONTINUATION::Dequeue_And_Execute()
 .text._Z23BlockStorage_AddDevicesv
                0x00000974       0x1e D:\Main\Repos\eMote\MicroFrameworkPK_v4_3\BuildOutput\THUMB2\GCC5.4\le\FLASH\RTM\SmartFusion2\lib\tmp_RoT.lib(bl_addDevices.obj)
                0x00000974                BlockStorage_AddDevices()
 .text._ZN18BlockStorageDevice13GetDeviceInfoEv
                0x00000992        0x8 D:\Main\Repos\eMote\MicroFrameworkPK_v4_3\BuildOutput\THUMB2\GCC5.4\le\FLASH\RTM\SmartFusion2\lib\tmp_RoT.lib(blockstoragelist.obj)
                0x00000992                BlockStorageDevice::GetDeviceInfo()
 .text._ZN16BlockStorageList10InitializeEv
                0x0000099a       0x2a D:\Main\Repos\eMote\MicroFrameworkPK_v4_3\BuildOutput\THUMB2\GCC5.4\le\FLASH\RTM\SmartFusion2\lib\tmp_RoT.lib(blockstoragelist.obj)
                0x0000099a                BlockStorageList::Initialize()
 .text._ZN16BlockStorageList9AddDeviceEP18BlockStorageDeviceP19IBlockStorageDevicePvj
                0x000009c4       0x44 D:\Main\Repos\eMote\MicroFrameworkPK_v4_3\BuildOutput\THUMB2\GCC5.4\le\FLASH\RTM\SmartFusion2\lib\tmp_RoT.lib(blockstoragelist.obj)
                0x000009c4                BlockStorageList::AddDevice(BlockStorageDevice*, IBlockStorageDevice*, void*, unsigned int)
 .text._ZN16BlockStorageList14GetFirstDeviceEv
                0x00000a08       0x20 D:\Main\Repos\eMote\MicroFrameworkPK_v4_3\BuildOutput\THUMB2\GCC5.4\le\FLASH\RTM\SmartFusion2\lib\tmp_RoT.lib(blockstoragelist.obj)
                0x00000a08                BlockStorageList::GetFirstDevice()
 .text._ZN18BlockStorageStream14CurrentAddressEv
                0x00000a28        0x6 D:\Main\Repos\eMote\MicroFrameworkPK_v4_3\BuildOutput\THUMB2\GCC5.4\le\FLASH\RTM\SmartFusion2\lib\tmp_RoT.lib(blockstoragelist.obj)
                0x00000a28                BlockStorageStream::CurrentAddress()
 .text._ZN18BlockStorageStream10PrevStreamEv
                0x00000a2e       0xe2 D:\Main\Repos\eMote\MicroFrameworkPK_v4_3\BuildOutput\THUMB2\GCC5.4\le\FLASH\RTM\SmartFusion2\lib\tmp_RoT.lib(blockstoragelist.obj)
                0x00000a2e                BlockStorageStream::PrevStream()
 .text._ZNK15BlockDeviceInfo18FindNextUsageBlockEjRjS0_S0_
                0x00000b10       0x74 D:\Main\Repos\eMote\MicroFrameworkPK_v4_3\BuildOutput\THUMB2\GCC5.4\le\FLASH\RTM\SmartFusion2\lib\tmp_RoT.lib(blockstoragelist.obj)
                0x00000b10                BlockDeviceInfo::FindNextUsageBlock(unsigned int, unsigned int&, unsigned int&, unsigned int&) const
 .text._ZN18BlockStorageStream10NextStreamEv
                0x00000b84      0x104 D:\Main\Repos\eMote\MicroFrameworkPK_v4_3\BuildOutput\THUMB2\GCC5.4\le\FLASH\RTM\SmartFusion2\lib\tmp_RoT.lib(blockstoragelist.obj)
                0x00000b84                BlockStorageStream::NextStream()
 .text._ZN18BlockStorageStream10InitializeEjP18BlockStorageDevice
                0x00000c88       0x56 D:\Main\Repos\eMote\MicroFrameworkPK_v4_3\BuildOutput\THUMB2\GCC5.4\le\FLASH\RTM\SmartFusion2\lib\tmp_RoT.lib(blockstoragelist.obj)
                0x00000c88                BlockStorageStream::Initialize(unsigned int, BlockStorageDevice*)
 .text._ZN18BlockStorageStream10InitializeEj
                0x00000cde        0x6 D:\Main\Repos\eMote\MicroFrameworkPK_v4_3\BuildOutput\THUMB2\GCC5.4\le\FLASH\RTM\SmartFusion2\lib\tmp_RoT.lib(blockstoragelist.obj)
                0x00000cde                BlockStorageStream::Initialize(unsigned int)
 .text._ZN18BlockStorageStream4ReadEPPhj
                0x00000ce4       0x9a D:\Main\Repos\eMote\MicroFrameworkPK_v4_3\BuildOutput\THUMB2\GCC5.4\le\FLASH\RTM\SmartFusion2\lib\tmp_RoT.lib(blockstoragelist.obj)
                0x00000ce4                BlockStorageStream::Read(unsigned char**, unsigned int)
 .text._ZN18BlockStorageStream4SeekEiNS_10SeekOriginE
                0x00000d7e       0x70 D:\Main\Repos\eMote\MicroFrameworkPK_v4_3\BuildOutput\THUMB2\GCC5.4\le\FLASH\RTM\SmartFusion2\lib\tmp_RoT.lib(blockstoragelist.obj)
                0x00000d7e                BlockStorageStream::Seek(int, BlockStorageStream::SeekOrigin)
 .text._ZNK15BlockDeviceInfo17FindForBlockUsageEjRjS0_S0_
                0x00000dee       0x12 D:\Main\Repos\eMote\MicroFrameworkPK_v4_3\BuildOutput\THUMB2\GCC5.4\le\FLASH\RTM\SmartFusion2\lib\tmp_RoT.lib(blockstoragelist.obj)
                0x00000dee                BlockDeviceInfo::FindForBlockUsage(unsigned int, unsigned int&, unsigned int&, unsigned int&) const
 .text._ZN16BlockStorageList17InitializeDevicesEv
                0x00000e00       0x6e D:\Main\Repos\eMote\MicroFrameworkPK_v4_3\BuildOutput\THUMB2\GCC5.4\le\FLASH\RTM\SmartFusion2\lib\tmp_RoT.lib(blockstoragelist.obj)
                0x00000e00                BlockStorageList::InitializeDevices()
 .text.BootstrapCode
                0x00000e6e       0x22 D:\Main\Repos\eMote\MicroFrameworkPK_v4_3\BuildOutput\THUMB2\GCC5.4\le\FLASH\RTM\SmartFusion2\lib\tmp_RoT.lib(bootstrap.obj)
                0x00000e6e                BootstrapCode
 .text._Z25DebuggerPort_Uninitializei
                0x00000e90        0x4 D:\Main\Repos\eMote\MicroFrameworkPK_v4_3\BuildOutput\THUMB2\GCC5.4\le\FLASH\RTM\SmartFusion2\lib\tmp_RoT.lib(ComDirector_stubs.obj)
                0x00000e90                DebuggerPort_Uninitialize(int)
 .text._Z18DebuggerPort_WriteiPKcj
                0x00000e94        0x4 D:\Main\Repos\eMote\MicroFrameworkPK_v4_3\BuildOutput\THUMB2\GCC5.4\le\FLASH\RTM\SmartFusion2\lib\tmp_RoT.lib(ComDirector_stubs.obj)
                0x00000e94                DebuggerPort_Write(int, char const*, unsigned int)
 .text._Z18DebuggerPort_Flushi
                0x00000e98        0x4 D:\Main\Repos\eMote\MicroFrameworkPK_v4_3\BuildOutput\THUMB2\GCC5.4\le\FLASH\RTM\SmartFusion2\lib\tmp_RoT.lib(ComDirector_stubs.obj)
                0x00000e98                DebuggerPort_Flush(int)
 .text._Z27CPU_InitializeCommunicationv
                0x00000e9c        0x2 D:\Main\Repos\eMote\MicroFrameworkPK_v4_3\BuildOutput\THUMB2\GCC5.4\le\FLASH\RTM\SmartFusion2\lib\tmp_RoT.lib(ComDirector_stubs.obj)
                0x00000e9c                CPU_InitializeCommunication()
 .text._ZN13Loader_Engine6LaunchEPFvvE
                0x00000e9e       0x30 D:\Main\Repos\eMote\MicroFrameworkPK_v4_3\BuildOutput\THUMB2\GCC5.4\le\FLASH\RTM\SmartFusion2\lib\tmp_RoT.lib(Commands.obj)
                0x00000e9e                Loader_Engine::Launch(void (*)())
 .text._ZN13Loader_Engine18EnumerateAndLaunchEv
                0x00000ece       0x96 D:\Main\Repos\eMote\MicroFrameworkPK_v4_3\BuildOutput\THUMB2\GCC5.4\le\FLASH\RTM\SmartFusion2\lib\tmp_RoT.lib(Commands.obj)
                0x00000ece                Loader_Engine::EnumerateAndLaunch()
 .text._Z19HAL_Time_Initializev
                0x00000f64        0xc D:\Main\Repos\eMote\MicroFrameworkPK_v4_3\BuildOutput\THUMB2\GCC5.4\le\FLASH\RTM\SmartFusion2\lib\tmp_RoT.lib(eMote_Time_functions.obj)
                0x00000f64                HAL_Time_Initialize()
 .text._Z21HAL_Time_Uninitializev
                0x00000f70        0xc D:\Main\Repos\eMote\MicroFrameworkPK_v4_3\BuildOutput\THUMB2\GCC5.4\le\FLASH\RTM\SmartFusion2\lib\tmp_RoT.lib(eMote_Time_functions.obj)
                0x00000f70                HAL_Time_Uninitialize()
 .text.HAL_Time_CurrentTicks
                0x00000f7c        0xc D:\Main\Repos\eMote\MicroFrameworkPK_v4_3\BuildOutput\THUMB2\GCC5.4\le\FLASH\RTM\SmartFusion2\lib\tmp_RoT.lib(eMote_Time_functions.obj)
                0x00000f7c                HAL_Time_CurrentTicks
 .text._Z28HAL_Time_TicksToMicrosecondsy
                0x00000f88       0x10 D:\Main\Repos\eMote\MicroFrameworkPK_v4_3\BuildOutput\THUMB2\GCC5.4\le\FLASH\RTM\SmartFusion2\lib\tmp_RoT.lib(eMote_Time_functions.obj)
                0x00000f88                HAL_Time_TicksToMicroseconds(unsigned long long)
 .text._Z19HAL_Time_SetComparey
                0x00000f98       0x50 D:\Main\Repos\eMote\MicroFrameworkPK_v4_3\BuildOutput\THUMB2\GCC5.4\le\FLASH\RTM\SmartFusion2\lib\tmp_RoT.lib(eMote_Time_functions.obj)
                0x00000f98                HAL_Time_SetCompare(unsigned long long)
 .text._Z44HAL_Time_SetCompare_Sleep_Clock_MicroSecondsj
                0x00000fe8        0xe D:\Main\Repos\eMote\MicroFrameworkPK_v4_3\BuildOutput\THUMB2\GCC5.4\le\FLASH\RTM\SmartFusion2\lib\tmp_RoT.lib(eMote_Time_functions.obj)
                0x00000fe8                HAL_Time_SetCompare_Sleep_Clock_MicroSeconds(unsigned int)
 .text._Z17Events_Initializev
                0x00000ff6       0x1c D:\Main\Repos\eMote\MicroFrameworkPK_v4_3\BuildOutput\THUMB2\GCC5.4\le\FLASH\RTM\SmartFusion2\lib\tmp_RoT.lib(events.obj)
                0x00000ff6                Events_Initialize()
 .text._Z10Events_Setj
                0x00001012       0x3c D:\Main\Repos\eMote\MicroFrameworkPK_v4_3\BuildOutput\THUMB2\GCC5.4\le\FLASH\RTM\SmartFusion2\lib\tmp_RoT.lib(events.obj)
                0x00001012                Events_Set(unsigned int)
 .text._Z20Events_WaitForEventsjjj
                0x0000104e       0x96 D:\Main\Repos\eMote\MicroFrameworkPK_v4_3\BuildOutput\THUMB2\GCC5.4\le\FLASH\RTM\SmartFusion2\lib\tmp_RoT.lib(events.obj)
                0x0000104e                Events_WaitForEvents(unsigned int, unsigned int, unsigned int)
 .text.complete_request
                0x000010e4       0x2c D:\Main\Repos\eMote\MicroFrameworkPK_v4_3\BuildOutput\THUMB2\GCC5.4\le\FLASH\RTM\SmartFusion2\lib\tmp_RoT.lib(mss_comblk.obj)
 .text.send_cmd_opcode
                0x00001110       0x1a D:\Main\Repos\eMote\MicroFrameworkPK_v4_3\BuildOutput\THUMB2\GCC5.4\le\FLASH\RTM\SmartFusion2\lib\tmp_RoT.lib(mss_comblk.obj)
 .text.fill_tx_fifo
                0x0000112a       0x3e D:\Main\Repos\eMote\MicroFrameworkPK_v4_3\BuildOutput\THUMB2\GCC5.4\le\FLASH\RTM\SmartFusion2\lib\tmp_RoT.lib(mss_comblk.obj)
 .text.process_sys_ctrl_command
                0x00001168       0x10 D:\Main\Repos\eMote\MicroFrameworkPK_v4_3\BuildOutput\THUMB2\GCC5.4\le\FLASH\RTM\SmartFusion2\lib\tmp_RoT.lib(mss_comblk.obj)
 .text.abort_current_cmd
                0x00001178       0x36 D:\Main\Repos\eMote\MicroFrameworkPK_v4_3\BuildOutput\THUMB2\GCC5.4\le\FLASH\RTM\SmartFusion2\lib\tmp_RoT.lib(mss_comblk.obj)
 .text.MSS_COMBLK_init
                0x000011ae       0xbe D:\Main\Repos\eMote\MicroFrameworkPK_v4_3\BuildOutput\THUMB2\GCC5.4\le\FLASH\RTM\SmartFusion2\lib\tmp_RoT.lib(mss_comblk.obj)
                0x000011ae                MSS_COMBLK_init
 .text.MSS_COMBLK_send_cmd_with_ptr
                0x0000126c       0xee D:\Main\Repos\eMote\MicroFrameworkPK_v4_3\BuildOutput\THUMB2\GCC5.4\le\FLASH\RTM\SmartFusion2\lib\tmp_RoT.lib(mss_comblk.obj)
                0x0000126c                MSS_COMBLK_send_cmd_with_ptr
 .text.ComBlk_IRQHandler
                0x0000135a      0x2a8 D:\Main\Repos\eMote\MicroFrameworkPK_v4_3\BuildOutput\THUMB2\GCC5.4\le\FLASH\RTM\SmartFusion2\lib\tmp_RoT.lib(mss_comblk.obj)
                0x0000135a                ComBlk_IRQHandler
 .text.HPDMA_Error_IRQHandler
                0x00001602       0xcc D:\Main\Repos\eMote\MicroFrameworkPK_v4_3\BuildOutput\THUMB2\GCC5.4\le\FLASH\RTM\SmartFusion2\lib\tmp_RoT.lib(mss_hpdma.obj)
                0x00001602                HPDMA_Error_IRQHandler
 .text.NVIC_EnableIRQ
                0x000016ce       0x1a D:\Main\Repos\eMote\MicroFrameworkPK_v4_3\BuildOutput\THUMB2\GCC5.4\le\FLASH\RTM\SmartFusion2\lib\tmp_RoT.lib(mss_spi.obj)
 .text.NVIC_DisableIRQ
                0x000016e8       0x1c D:\Main\Repos\eMote\MicroFrameworkPK_v4_3\BuildOutput\THUMB2\GCC5.4\le\FLASH\RTM\SmartFusion2\lib\tmp_RoT.lib(mss_spi.obj)
 .text.recover_from_rx_overflow
                0x00001704       0xce D:\Main\Repos\eMote\MicroFrameworkPK_v4_3\BuildOutput\THUMB2\GCC5.4\le\FLASH\RTM\SmartFusion2\lib\tmp_RoT.lib(mss_spi.obj)
 .text.fill_slave_tx_fifo
                0x000017d2       0x6e D:\Main\Repos\eMote\MicroFrameworkPK_v4_3\BuildOutput\THUMB2\GCC5.4\le\FLASH\RTM\SmartFusion2\lib\tmp_RoT.lib(mss_spi.obj)
 .text.read_slave_rx_fifo
                0x00001840       0x5e D:\Main\Repos\eMote\MicroFrameworkPK_v4_3\BuildOutput\THUMB2\GCC5.4\le\FLASH\RTM\SmartFusion2\lib\tmp_RoT.lib(mss_spi.obj)
 .text.mss_spi_isr
                0x0000189e      0x18a D:\Main\Repos\eMote\MicroFrameworkPK_v4_3\BuildOutput\THUMB2\GCC5.4\le\FLASH\RTM\SmartFusion2\lib\tmp_RoT.lib(mss_spi.obj)
 .text.MSS_SPI_init
                0x00001a28       0xb4 D:\Main\Repos\eMote\MicroFrameworkPK_v4_3\BuildOutput\THUMB2\GCC5.4\le\FLASH\RTM\SmartFusion2\lib\tmp_RoT.lib(mss_spi.obj)
                0x00001a28                MSS_SPI_init
 .text.MSS_SPI_configure_master_mode
                0x00001adc       0xac D:\Main\Repos\eMote\MicroFrameworkPK_v4_3\BuildOutput\THUMB2\GCC5.4\le\FLASH\RTM\SmartFusion2\lib\tmp_RoT.lib(mss_spi.obj)
                0x00001adc                MSS_SPI_configure_master_mode
 .text.SPI0_IRQHandler
                0x00001b88       0x1e D:\Main\Repos\eMote\MicroFrameworkPK_v4_3\BuildOutput\THUMB2\GCC5.4\le\FLASH\RTM\SmartFusion2\lib\tmp_RoT.lib(mss_spi.obj)
                0x00001b88                SPI0_IRQHandler
 .text.SPI1_IRQHandler
                0x00001ba6       0x1e D:\Main\Repos\eMote\MicroFrameworkPK_v4_3\BuildOutput\THUMB2\GCC5.4\le\FLASH\RTM\SmartFusion2\lib\tmp_RoT.lib(mss_spi.obj)
                0x00001ba6                SPI1_IRQHandler
 .text.asynchronous_event_handler
                0x00001bc4       0xee D:\Main\Repos\eMote\MicroFrameworkPK_v4_3\BuildOutput\THUMB2\GCC5.4\le\FLASH\RTM\SmartFusion2\lib\tmp_RoT.lib(mss_sys_services.obj)
 .text.request_completion_handler
                0x00001cb2       0x18 D:\Main\Repos\eMote\MicroFrameworkPK_v4_3\BuildOutput\THUMB2\GCC5.4\le\FLASH\RTM\SmartFusion2\lib\tmp_RoT.lib(mss_sys_services.obj)
 .text.signal_request_start
                0x00001cca       0x2a D:\Main\Repos\eMote\MicroFrameworkPK_v4_3\BuildOutput\THUMB2\GCC5.4\le\FLASH\RTM\SmartFusion2\lib\tmp_RoT.lib(mss_sys_services.obj)
 .text.wait_for_request_completion
                0x00001cf4       0x1c D:\Main\Repos\eMote\MicroFrameworkPK_v4_3\BuildOutput\THUMB2\GCC5.4\le\FLASH\RTM\SmartFusion2\lib\tmp_RoT.lib(mss_sys_services.obj)
 .text.write_ptr_value_into_array
                0x00001d10       0x12 D:\Main\Repos\eMote\MicroFrameworkPK_v4_3\BuildOutput\THUMB2\GCC5.4\le\FLASH\RTM\SmartFusion2\lib\tmp_RoT.lib(mss_sys_services.obj)
 .text.execute_service
                0x00001d22       0x3c D:\Main\Repos\eMote\MicroFrameworkPK_v4_3\BuildOutput\THUMB2\GCC5.4\le\FLASH\RTM\SmartFusion2\lib\tmp_RoT.lib(mss_sys_services.obj)
 .text.MSS_SYS_init
                0x00001d5e       0x4a D:\Main\Repos\eMote\MicroFrameworkPK_v4_3\BuildOutput\THUMB2\GCC5.4\le\FLASH\RTM\SmartFusion2\lib\tmp_RoT.lib(mss_sys_services.obj)
                0x00001d5e                MSS_SYS_init
 .text.MSS_SYS_hmac
                0x00001da8       0x5a D:\Main\Repos\eMote\MicroFrameworkPK_v4_3\BuildOutput\THUMB2\GCC5.4\le\FLASH\RTM\SmartFusion2\lib\tmp_RoT.lib(mss_sys_services.obj)
                0x00001da8                MSS_SYS_hmac
 .text.read_bit_reg8
                0x00001e02       0x1c D:\Main\Repos\eMote\MicroFrameworkPK_v4_3\BuildOutput\THUMB2\GCC5.4\le\FLASH\RTM\SmartFusion2\lib\tmp_RoT.lib(mss_uart.obj)
 .text.MSS_UART_isr.part.0
                0x00001e1e       0xac D:\Main\Repos\eMote\MicroFrameworkPK_v4_3\BuildOutput\THUMB2\GCC5.4\le\FLASH\RTM\SmartFusion2\lib\tmp_RoT.lib(mss_uart.obj)
 .text.UART0_IRQHandler
                0x00001eca       0x1e D:\Main\Repos\eMote\MicroFrameworkPK_v4_3\BuildOutput\THUMB2\GCC5.4\le\FLASH\RTM\SmartFusion2\lib\tmp_RoT.lib(mss_uart.obj)
                0x00001eca                UART0_IRQHandler
 .text.UART1_IRQHandler
                0x00001ee8       0x1e D:\Main\Repos\eMote\MicroFrameworkPK_v4_3\BuildOutput\THUMB2\GCC5.4\le\FLASH\RTM\SmartFusion2\lib\tmp_RoT.lib(mss_uart.obj)
                0x00001ee8                UART1_IRQHandler
 .text._ZN16SF2_CM3_blDriver18UninitializeDeviceEPv
                0x00001f06        0x4 D:\Main\Repos\eMote\MicroFrameworkPK_v4_3\BuildOutput\THUMB2\GCC5.4\le\FLASH\RTM\SmartFusion2\lib\tmp_RoT.lib(netmf_bl.obj)
                0x00001f06                SF2_CM3_blDriver::UninitializeDevice(void*)
 .text._ZN16SF2_CM3_blDriver13GetDeviceInfoEPv
                0x00001f0a        0x4 D:\Main\Repos\eMote\MicroFrameworkPK_v4_3\BuildOutput\THUMB2\GCC5.4\le\FLASH\RTM\SmartFusion2\lib\tmp_RoT.lib(netmf_bl.obj)
                0x00001f0a                SF2_CM3_blDriver::GetDeviceInfo(void*)
 .text._ZN16SF2_CM3_blDriver4ReadEPvjjPh
                0x00001f0e        0x4 D:\Main\Repos\eMote\MicroFrameworkPK_v4_3\BuildOutput\THUMB2\GCC5.4\le\FLASH\RTM\SmartFusion2\lib\tmp_RoT.lib(netmf_bl.obj)
                0x00001f0e                SF2_CM3_blDriver::Read(void*, unsigned int, unsigned int, unsigned char*)
 .text._ZN16SF2_CM3_blDriver5WriteEPvjjPhj
                0x00001f12        0x4 D:\Main\Repos\eMote\MicroFrameworkPK_v4_3\BuildOutput\THUMB2\GCC5.4\le\FLASH\RTM\SmartFusion2\lib\tmp_RoT.lib(netmf_bl.obj)
                0x00001f12                SF2_CM3_blDriver::Write(void*, unsigned int, unsigned int, unsigned char*, unsigned int)
 .text._ZN16SF2_CM3_blDriver17SetSectorMetadataEPvjP14SectorMetadata
                0x00001f16        0x4 D:\Main\Repos\eMote\MicroFrameworkPK_v4_3\BuildOutput\THUMB2\GCC5.4\le\FLASH\RTM\SmartFusion2\lib\tmp_RoT.lib(netmf_bl.obj)
                0x00001f16                SF2_CM3_blDriver::SetSectorMetadata(void*, unsigned int, SectorMetadata*)
 .text._ZN16SF2_CM3_blDriver13IsBlockErasedEPvjj
                0x00001f1a        0x4 D:\Main\Repos\eMote\MicroFrameworkPK_v4_3\BuildOutput\THUMB2\GCC5.4\le\FLASH\RTM\SmartFusion2\lib\tmp_RoT.lib(netmf_bl.obj)
                0x00001f1a                SF2_CM3_blDriver::IsBlockErased(void*, unsigned int, unsigned int)
 .text._ZN16SF2_CM3_blDriver10EraseBlockEPvj
                0x00001f1e        0x4 D:\Main\Repos\eMote\MicroFrameworkPK_v4_3\BuildOutput\THUMB2\GCC5.4\le\FLASH\RTM\SmartFusion2\lib\tmp_RoT.lib(netmf_bl.obj)
                0x00001f1e                SF2_CM3_blDriver::EraseBlock(void*, unsigned int)
 .text._ZN16SF2_CM3_blDriver13SetPowerStateEPvj
                0x00001f22        0x2 D:\Main\Repos\eMote\MicroFrameworkPK_v4_3\BuildOutput\THUMB2\GCC5.4\le\FLASH\RTM\SmartFusion2\lib\tmp_RoT.lib(netmf_bl.obj)
                0x00001f22                SF2_CM3_blDriver::SetPowerState(void*, unsigned int)
 .text._ZN16SF2_CM3_blDriver19MaxSectorWrite_uSecEPv
                0x00001f24        0x6 D:\Main\Repos\eMote\MicroFrameworkPK_v4_3\BuildOutput\THUMB2\GCC5.4\le\FLASH\RTM\SmartFusion2\lib\tmp_RoT.lib(netmf_bl.obj)
                0x00001f24                SF2_CM3_blDriver::MaxSectorWrite_uSec(void*)
 .text._ZN16SF2_CM3_blDriver18MaxBlockErase_uSecEPv
                0x00001f2a        0x6 D:\Main\Repos\eMote\MicroFrameworkPK_v4_3\BuildOutput\THUMB2\GCC5.4\le\FLASH\RTM\SmartFusion2\lib\tmp_RoT.lib(netmf_bl.obj)
                0x00001f2a                SF2_CM3_blDriver::MaxBlockErase_uSec(void*)
 .text._ZN16SF2_CM3_blDriver6MemsetEPvjhj
                0x00001f30        0x4 D:\Main\Repos\eMote\MicroFrameworkPK_v4_3\BuildOutput\THUMB2\GCC5.4\le\FLASH\RTM\SmartFusion2\lib\tmp_RoT.lib(netmf_bl.obj)
                0x00001f30                SF2_CM3_blDriver::Memset(void*, unsigned int, unsigned char, unsigned int)
 .text._ZN16SF2_CM3_blDriver17GetSectorMetadataEPvjP14SectorMetadata
                0x00001f34        0x4 D:\Main\Repos\eMote\MicroFrameworkPK_v4_3\BuildOutput\THUMB2\GCC5.4\le\FLASH\RTM\SmartFusion2\lib\tmp_RoT.lib(netmf_bl.obj)
                0x00001f34                SF2_CM3_blDriver::GetSectorMetadata(void*, unsigned int, SectorMetadata*)
 .text._ZN16SF2_CM3_blDriver16InitializeDeviceEPv
                0x00001f38        0x4 D:\Main\Repos\eMote\MicroFrameworkPK_v4_3\BuildOutput\THUMB2\GCC5.4\le\FLASH\RTM\SmartFusion2\lib\tmp_RoT.lib(netmf_bl.obj)
                0x00001f38                SF2_CM3_blDriver::InitializeDevice(void*)
 .text._Z13MSS_GPIO_initv
                0x00001f3c       0x64 D:\Main\Repos\eMote\MicroFrameworkPK_v4_3\BuildOutput\THUMB2\GCC5.4\le\FLASH\RTM\SmartFusion2\lib\tmp_RoT.lib(netmf_gpio.obj)
                0x00001f3c                MSS_GPIO_init()
 .text._Z19CPU_GPIO_Initializev
                0x00001fa0        0xa D:\Main\Repos\eMote\MicroFrameworkPK_v4_3\BuildOutput\THUMB2\GCC5.4\le\FLASH\RTM\SmartFusion2\lib\tmp_RoT.lib(netmf_gpio.obj)
                0x00001fa0                CPU_GPIO_Initialize()
 .text._Z14CPU_Initializev
                0x00001faa        0x8 D:\Main\Repos\eMote\MicroFrameworkPK_v4_3\BuildOutput\THUMB2\GCC5.4\le\FLASH\RTM\SmartFusion2\lib\tmp_RoT.lib(netmf_pwr_functions.obj)
                0x00001faa                CPU_Initialize()
 .text._Z9CPU_Sleep11SLEEP_LEVELy
                0x00001fb2        0x2 D:\Main\Repos\eMote\MicroFrameworkPK_v4_3\BuildOutput\THUMB2\GCC5.4\le\FLASH\RTM\SmartFusion2\lib\tmp_RoT.lib(netmf_pwr_functions.obj)
                0x00001fb2                CPU_Sleep(SLEEP_LEVEL, unsigned long long)
 .text._Z9CPU_Resetv
                0x00001fb4        0x6 D:\Main\Repos\eMote\MicroFrameworkPK_v4_3\BuildOutput\THUMB2\GCC5.4\le\FLASH\RTM\SmartFusion2\lib\tmp_RoT.lib(netmf_pwr_functions.obj)
                0x00001fb4                CPU_Reset()
 .text._Z18CPU_SPI_Initializev
                0x00001fba       0x28 D:\Main\Repos\eMote\MicroFrameworkPK_v4_3\BuildOutput\THUMB2\GCC5.4\le\FLASH\RTM\SmartFusion2\lib\tmp_RoT.lib(netmf_spi.obj)
                0x00001fba                CPU_SPI_Initialize()
 .text._Z17Timer1_IRQHandlerPv
                0x00001fe2       0x24 D:\Main\Repos\eMote\MicroFrameworkPK_v4_3\BuildOutput\THUMB2\GCC5.4\le\FLASH\RTM\SmartFusion2\lib\tmp_RoT.lib(netmf_timers.obj)
                0x00001fe2                Timer1_IRQHandler(void*)
 .text._Z17Timer2_IRQHandlerPv
                0x00002006        0xe D:\Main\Repos\eMote\MicroFrameworkPK_v4_3\BuildOutput\THUMB2\GCC5.4\le\FLASH\RTM\SmartFusion2\lib\tmp_RoT.lib(netmf_timers.obj)
                0x00002006                Timer2_IRQHandler(void*)
 .text._Z20CPU_Timer_InitializetjjPFvPvE
                0x00002014       0xa0 D:\Main\Repos\eMote\MicroFrameworkPK_v4_3\BuildOutput\THUMB2\GCC5.4\le\FLASH\RTM\SmartFusion2\lib\tmp_RoT.lib(netmf_timers.obj)
                0x00002014                CPU_Timer_Initialize(unsigned short, unsigned int, unsigned int, void (*)(void*))
 .text._Z22CPU_Timer_CurrentTickst
                0x000020b4       0x1e D:\Main\Repos\eMote\MicroFrameworkPK_v4_3\BuildOutput\THUMB2\GCC5.4\le\FLASH\RTM\SmartFusion2\lib\tmp_RoT.lib(netmf_timers.obj)
                0x000020b4                CPU_Timer_CurrentTicks(unsigned short)
 .text._Z20CPU_Timer_SetComparety
                0x000020d2       0x26 D:\Main\Repos\eMote\MicroFrameworkPK_v4_3\BuildOutput\THUMB2\GCC5.4\le\FLASH\RTM\SmartFusion2\lib\tmp_RoT.lib(netmf_timers.obj)
                0x000020d2                CPU_Timer_SetCompare(unsigned short, unsigned long long)
 .text._Z21CPU_Timer_GetMaxTicksh
                0x000020f8        0x4 D:\Main\Repos\eMote\MicroFrameworkPK_v4_3\BuildOutput\THUMB2\GCC5.4\le\FLASH\RTM\SmartFusion2\lib\tmp_RoT.lib(netmf_timers.obj)
                0x000020f8                CPU_Timer_GetMaxTicks(unsigned char)
 .text._Z23CPU_MillisecondsToTicksjt
                0x000020fc        0xe D:\Main\Repos\eMote\MicroFrameworkPK_v4_3\BuildOutput\THUMB2\GCC5.4\le\FLASH\RTM\SmartFusion2\lib\tmp_RoT.lib(netmf_timers.obj)
                0x000020fc                CPU_MillisecondsToTicks(unsigned int, unsigned short)
 .text._Z23CPU_TicksToMicrosecondsyt
                0x0000210a       0x26 D:\Main\Repos\eMote\MicroFrameworkPK_v4_3\BuildOutput\THUMB2\GCC5.4\le\FLASH\RTM\SmartFusion2\lib\tmp_RoT.lib(netmf_timers.obj)
                0x0000210a                CPU_TicksToMicroseconds(unsigned long long, unsigned short)
 .text._Z23CPU_TicksToMicrosecondsjt
                0x00002130       0x18 D:\Main\Repos\eMote\MicroFrameworkPK_v4_3\BuildOutput\THUMB2\GCC5.4\le\FLASH\RTM\SmartFusion2\lib\tmp_RoT.lib(netmf_timers.obj)
                0x00002130                CPU_TicksToMicroseconds(unsigned int, unsigned short)
 .text._Z23CPU_MicrosecondsToTicksjt
                0x00002148        0x6 D:\Main\Repos\eMote\MicroFrameworkPK_v4_3\BuildOutput\THUMB2\GCC5.4\le\FLASH\RTM\SmartFusion2\lib\tmp_RoT.lib(netmf_timers.obj)
                0x00002148                CPU_MicrosecondsToTicks(unsigned int, unsigned short)
 .text._ZN15SF2_AITC_Driver10InitializeEv
                0x0000214e       0x74 D:\Main\Repos\eMote\MicroFrameworkPK_v4_3\BuildOutput\THUMB2\GCC5.4\le\FLASH\RTM\SmartFusion2\lib\tmp_RoT.lib(SF2__AITC.obj)
                0x0000214e                SF2_AITC_Driver::Initialize()
 .text._ZN15SF2_AITC_Driver17ActivateInterruptEjjPFvPvES0_
                0x000021c2       0x4c D:\Main\Repos\eMote\MicroFrameworkPK_v4_3\BuildOutput\THUMB2\GCC5.4\le\FLASH\RTM\SmartFusion2\lib\tmp_RoT.lib(SF2__AITC.obj)
                0x000021c2                SF2_AITC_Driver::ActivateInterrupt(unsigned int, unsigned int, void (*)(void*), void*)
 .text.HardFault_HandlerC
                0x0000220e       0x88 D:\Main\Repos\eMote\MicroFrameworkPK_v4_3\BuildOutput\THUMB2\GCC5.4\le\FLASH\RTM\SmartFusion2\lib\tmp_RoT.lib(SF2__AITC.obj)
                0x0000220e                HardFault_HandlerC
 .text.HardFault_Handler
                0x00002296       0x24 D:\Main\Repos\eMote\MicroFrameworkPK_v4_3\BuildOutput\THUMB2\GCC5.4\le\FLASH\RTM\SmartFusion2\lib\tmp_RoT.lib(SF2__AITC.obj)
                0x00002296                HardFault_Handler
 .text.SVC_Handler
                0x000022ba       0x30 D:\Main\Repos\eMote\MicroFrameworkPK_v4_3\BuildOutput\THUMB2\GCC5.4\le\FLASH\RTM\SmartFusion2\lib\tmp_RoT.lib(SF2__AITC.obj)
                0x000022ba                SVC_Handler
 .text.PendSV_Handler
                0x000022ea       0x30 D:\Main\Repos\eMote\MicroFrameworkPK_v4_3\BuildOutput\THUMB2\GCC5.4\le\FLASH\RTM\SmartFusion2\lib\tmp_RoT.lib(SF2__AITC.obj)
                0x000022ea                PendSV_Handler
 .text.SysTick_Handler
                0x0000231a       0x12 D:\Main\Repos\eMote\MicroFrameworkPK_v4_3\BuildOutput\THUMB2\GCC5.4\le\FLASH\RTM\SmartFusion2\lib\tmp_RoT.lib(SF2__AITC.obj)
                0x0000231a                SysTick_Handler
 .text.Default_Handler
                0x0000232c       0x12 D:\Main\Repos\eMote\MicroFrameworkPK_v4_3\BuildOutput\THUMB2\GCC5.4\le\FLASH\RTM\SmartFusion2\lib\tmp_RoT.lib(SF2__AITC.obj)
                0x0000232c                Default_Handler
 .text.RTC_IRQHandler
                0x0000233e       0x4a D:\Main\Repos\eMote\MicroFrameworkPK_v4_3\BuildOutput\THUMB2\GCC5.4\le\FLASH\RTM\SmartFusion2\lib\tmp_RoT.lib(SF2__AITC.obj)
                0x0000233e                RTC_IRQHandler
 .text.TIM1_CC_IRQHandler
                0x00002388       0x3e D:\Main\Repos\eMote\MicroFrameworkPK_v4_3\BuildOutput\THUMB2\GCC5.4\le\FLASH\RTM\SmartFusion2\lib\tmp_RoT.lib(SF2__AITC.obj)
                0x00002388                TIM1_CC_IRQHandler
 .text.TIM2_IRQHandler
                0x000023c6       0x3e D:\Main\Repos\eMote\MicroFrameworkPK_v4_3\BuildOutput\THUMB2\GCC5.4\le\FLASH\RTM\SmartFusion2\lib\tmp_RoT.lib(SF2__AITC.obj)
                0x000023c6                TIM2_IRQHandler
 .text.USB_IRQHandler
                0x00002404       0x30 D:\Main\Repos\eMote\MicroFrameworkPK_v4_3\BuildOutput\THUMB2\GCC5.4\le\FLASH\RTM\SmartFusion2\lib\tmp_RoT.lib(SF2__AITC.obj)
                0x00002404                USB_IRQHandler
 .text.DMA_IRQHandler
                0x00002434       0x50 D:\Main\Repos\eMote\MicroFrameworkPK_v4_3\BuildOutput\THUMB2\GCC5.4\le\FLASH\RTM\SmartFusion2\lib\tmp_RoT.lib(SF2__AITC.obj)
                0x00002434                DMA_IRQHandler
 .text.I2C0_IRQHandler
                0x00002484       0x12 D:\Main\Repos\eMote\MicroFrameworkPK_v4_3\BuildOutput\THUMB2\GCC5.4\le\FLASH\RTM\SmartFusion2\lib\tmp_RoT.lib(SF2__AITC.obj)
                0x00002484                I2C0_IRQHandler
 .text.I2C0_SMBAlert_IRQHandler
                0x00002496       0x12 D:\Main\Repos\eMote\MicroFrameworkPK_v4_3\BuildOutput\THUMB2\GCC5.4\le\FLASH\RTM\SmartFusion2\lib\tmp_RoT.lib(SF2__AITC.obj)
                0x00002496                I2C0_SMBAlert_IRQHandler
 .text.I2C0_SMBus_IRQHandler
                0x000024a8       0x12 D:\Main\Repos\eMote\MicroFrameworkPK_v4_3\BuildOutput\THUMB2\GCC5.4\le\FLASH\RTM\SmartFusion2\lib\tmp_RoT.lib(SF2__AITC.obj)
                0x000024a8                I2C0_SMBus_IRQHandler
 .text.I2C1_IRQHandler
                0x000024ba       0x12 D:\Main\Repos\eMote\MicroFrameworkPK_v4_3\BuildOutput\THUMB2\GCC5.4\le\FLASH\RTM\SmartFusion2\lib\tmp_RoT.lib(SF2__AITC.obj)
                0x000024ba                I2C1_IRQHandler
 .text.I2C1_SMBAlert_IRQHandler
                0x000024cc       0x12 D:\Main\Repos\eMote\MicroFrameworkPK_v4_3\BuildOutput\THUMB2\GCC5.4\le\FLASH\RTM\SmartFusion2\lib\tmp_RoT.lib(SF2__AITC.obj)
                0x000024cc                I2C1_SMBAlert_IRQHandler
 .text.I2C1_SMBus_IRQHandler
                0x000024de       0x12 D:\Main\Repos\eMote\MicroFrameworkPK_v4_3\BuildOutput\THUMB2\GCC5.4\le\FLASH\RTM\SmartFusion2\lib\tmp_RoT.lib(SF2__AITC.obj)
                0x000024de                I2C1_SMBus_IRQHandler
 .text.EthernetMAC_IRQHandler
                0x000024f0       0x12 D:\Main\Repos\eMote\MicroFrameworkPK_v4_3\BuildOutput\THUMB2\GCC5.4\le\FLASH\RTM\SmartFusion2\lib\tmp_RoT.lib(SF2__AITC.obj)
                0x000024f0                EthernetMAC_IRQHandler
 .text.CAN_IRQHandler
                0x00002502       0x12 D:\Main\Repos\eMote\MicroFrameworkPK_v4_3\BuildOutput\THUMB2\GCC5.4\le\FLASH\RTM\SmartFusion2\lib\tmp_RoT.lib(SF2__AITC.obj)
                0x00002502                CAN_IRQHandler
 .text.EVM0_IRQHandler
                0x00002514       0x12 D:\Main\Repos\eMote\MicroFrameworkPK_v4_3\BuildOutput\THUMB2\GCC5.4\le\FLASH\RTM\SmartFusion2\lib\tmp_RoT.lib(SF2__AITC.obj)
                0x00002514                EVM0_IRQHandler
 .text.EVM1_IRQHandler
                0x00002526       0x12 D:\Main\Repos\eMote\MicroFrameworkPK_v4_3\BuildOutput\THUMB2\GCC5.4\le\FLASH\RTM\SmartFusion2\lib\tmp_RoT.lib(SF2__AITC.obj)
                0x00002526                EVM1_IRQHandler
 .text.USB_DMA_IRQHandler
                0x00002538       0x12 D:\Main\Repos\eMote\MicroFrameworkPK_v4_3\BuildOutput\THUMB2\GCC5.4\le\FLASH\RTM\SmartFusion2\lib\tmp_RoT.lib(SF2__AITC.obj)
                0x00002538                USB_DMA_IRQHandler
 .text.PLL_Lock_IRQHandler
                0x0000254a       0x12 D:\Main\Repos\eMote\MicroFrameworkPK_v4_3\BuildOutput\THUMB2\GCC5.4\le\FLASH\RTM\SmartFusion2\lib\tmp_RoT.lib(SF2__AITC.obj)
                0x0000254a                PLL_Lock_IRQHandler
 .text.PLL_LockLost_IRQHandler
                0x0000255c       0x12 D:\Main\Repos\eMote\MicroFrameworkPK_v4_3\BuildOutput\THUMB2\GCC5.4\le\FLASH\RTM\SmartFusion2\lib\tmp_RoT.lib(SF2__AITC.obj)
                0x0000255c                PLL_LockLost_IRQHandler
 .text.CommSwitchError_IRQHandler
                0x0000256e       0x12 D:\Main\Repos\eMote\MicroFrameworkPK_v4_3\BuildOutput\THUMB2\GCC5.4\le\FLASH\RTM\SmartFusion2\lib\tmp_RoT.lib(SF2__AITC.obj)
                0x0000256e                CommSwitchError_IRQHandler
 .text.CacheError_IRQHandler
                0x00002580       0x12 D:\Main\Repos\eMote\MicroFrameworkPK_v4_3\BuildOutput\THUMB2\GCC5.4\le\FLASH\RTM\SmartFusion2\lib\tmp_RoT.lib(SF2__AITC.obj)
                0x00002580                CacheError_IRQHandler
 .text.DDR_IRQHandler
                0x00002592       0x12 D:\Main\Repos\eMote\MicroFrameworkPK_v4_3\BuildOutput\THUMB2\GCC5.4\le\FLASH\RTM\SmartFusion2\lib\tmp_RoT.lib(SF2__AITC.obj)
                0x00002592                DDR_IRQHandler
 .text.MDDR_IOCalib_IRQHandler
                0x000025a4       0x12 D:\Main\Repos\eMote\MicroFrameworkPK_v4_3\BuildOutput\THUMB2\GCC5.4\le\FLASH\RTM\SmartFusion2\lib\tmp_RoT.lib(SF2__AITC.obj)
                0x000025a4                MDDR_IOCalib_IRQHandler
 .text.FAB_PLL_Lock_IRQHandler
                0x000025b6       0x12 D:\Main\Repos\eMote\MicroFrameworkPK_v4_3\BuildOutput\THUMB2\GCC5.4\le\FLASH\RTM\SmartFusion2\lib\tmp_RoT.lib(SF2__AITC.obj)
                0x000025b6                FAB_PLL_Lock_IRQHandler
 .text.FAB_PLL_LockLost_IRQHandler
                0x000025c8       0x12 D:\Main\Repos\eMote\MicroFrameworkPK_v4_3\BuildOutput\THUMB2\GCC5.4\le\FLASH\RTM\SmartFusion2\lib\tmp_RoT.lib(SF2__AITC.obj)
                0x000025c8                FAB_PLL_LockLost_IRQHandler
 .text.FIC64_IRQHandler
                0x000025da       0x12 D:\Main\Repos\eMote\MicroFrameworkPK_v4_3\BuildOutput\THUMB2\GCC5.4\le\FLASH\RTM\SmartFusion2\lib\tmp_RoT.lib(SF2__AITC.obj)
                0x000025da                FIC64_IRQHandler
 .text.FabricIrq0_IRQHandler
                0x000025ec       0x12 D:\Main\Repos\eMote\MicroFrameworkPK_v4_3\BuildOutput\THUMB2\GCC5.4\le\FLASH\RTM\SmartFusion2\lib\tmp_RoT.lib(SF2__AITC.obj)
                0x000025ec                FabricIrq0_IRQHandler
 .text.FabricIrq1_IRQHandler
                0x000025fe       0x12 D:\Main\Repos\eMote\MicroFrameworkPK_v4_3\BuildOutput\THUMB2\GCC5.4\le\FLASH\RTM\SmartFusion2\lib\tmp_RoT.lib(SF2__AITC.obj)
                0x000025fe                FabricIrq1_IRQHandler
 .text.FabricIrq2_IRQHandler
                0x00002610       0x12 D:\Main\Repos\eMote\MicroFrameworkPK_v4_3\BuildOutput\THUMB2\GCC5.4\le\FLASH\RTM\SmartFusion2\lib\tmp_RoT.lib(SF2__AITC.obj)
                0x00002610                FabricIrq2_IRQHandler
 .text.FabricIrq3_IRQHandler
                0x00002622       0x12 D:\Main\Repos\eMote\MicroFrameworkPK_v4_3\BuildOutput\THUMB2\GCC5.4\le\FLASH\RTM\SmartFusion2\lib\tmp_RoT.lib(SF2__AITC.obj)
                0x00002622                FabricIrq3_IRQHandler
 .text.FabricIrq4_IRQHandler
                0x00002634       0x12 D:\Main\Repos\eMote\MicroFrameworkPK_v4_3\BuildOutput\THUMB2\GCC5.4\le\FLASH\RTM\SmartFusion2\lib\tmp_RoT.lib(SF2__AITC.obj)
                0x00002634                FabricIrq4_IRQHandler
 .text.FabricIrq5_IRQHandler
                0x00002646       0x12 D:\Main\Repos\eMote\MicroFrameworkPK_v4_3\BuildOutput\THUMB2\GCC5.4\le\FLASH\RTM\SmartFusion2\lib\tmp_RoT.lib(SF2__AITC.obj)
                0x00002646                FabricIrq5_IRQHandler
 .text.FabricIrq6_IRQHandler
                0x00002658       0x12 D:\Main\Repos\eMote\MicroFrameworkPK_v4_3\BuildOutput\THUMB2\GCC5.4\le\FLASH\RTM\SmartFusion2\lib\tmp_RoT.lib(SF2__AITC.obj)
                0x00002658                FabricIrq6_IRQHandler
 .text.FabricIrq7_IRQHandler
                0x0000266a       0x12 D:\Main\Repos\eMote\MicroFrameworkPK_v4_3\BuildOutput\THUMB2\GCC5.4\le\FLASH\RTM\SmartFusion2\lib\tmp_RoT.lib(SF2__AITC.obj)
                0x0000266a                FabricIrq7_IRQHandler
 .text.FabricIrq8_IRQHandler
                0x0000267c       0x12 D:\Main\Repos\eMote\MicroFrameworkPK_v4_3\BuildOutput\THUMB2\GCC5.4\le\FLASH\RTM\SmartFusion2\lib\tmp_RoT.lib(SF2__AITC.obj)
                0x0000267c                FabricIrq8_IRQHandler
 .text.FabricIrq9_IRQHandler
                0x0000268e       0x12 D:\Main\Repos\eMote\MicroFrameworkPK_v4_3\BuildOutput\THUMB2\GCC5.4\le\FLASH\RTM\SmartFusion2\lib\tmp_RoT.lib(SF2__AITC.obj)
                0x0000268e                FabricIrq9_IRQHandler
 .text.FabricIrq10_IRQHandler
                0x000026a0       0x12 D:\Main\Repos\eMote\MicroFrameworkPK_v4_3\BuildOutput\THUMB2\GCC5.4\le\FLASH\RTM\SmartFusion2\lib\tmp_RoT.lib(SF2__AITC.obj)
                0x000026a0                FabricIrq10_IRQHandler
 .text.FabricIrq11_IRQHandler
                0x000026b2       0x12 D:\Main\Repos\eMote\MicroFrameworkPK_v4_3\BuildOutput\THUMB2\GCC5.4\le\FLASH\RTM\SmartFusion2\lib\tmp_RoT.lib(SF2__AITC.obj)
                0x000026b2                FabricIrq11_IRQHandler
 .text.FabricIrq12_IRQHandler
                0x000026c4       0x12 D:\Main\Repos\eMote\MicroFrameworkPK_v4_3\BuildOutput\THUMB2\GCC5.4\le\FLASH\RTM\SmartFusion2\lib\tmp_RoT.lib(SF2__AITC.obj)
                0x000026c4                FabricIrq12_IRQHandler
 .text.FabricIrq13_IRQHandler
                0x000026d6       0x12 D:\Main\Repos\eMote\MicroFrameworkPK_v4_3\BuildOutput\THUMB2\GCC5.4\le\FLASH\RTM\SmartFusion2\lib\tmp_RoT.lib(SF2__AITC.obj)
                0x000026d6                FabricIrq13_IRQHandler
 .text.FabricIrq14_IRQHandler
                0x000026e8       0x12 D:\Main\Repos\eMote\MicroFrameworkPK_v4_3\BuildOutput\THUMB2\GCC5.4\le\FLASH\RTM\SmartFusion2\lib\tmp_RoT.lib(SF2__AITC.obj)
                0x000026e8                FabricIrq14_IRQHandler
 .text.FabricIrq15_IRQHandler
                0x000026fa       0x12 D:\Main\Repos\eMote\MicroFrameworkPK_v4_3\BuildOutput\THUMB2\GCC5.4\le\FLASH\RTM\SmartFusion2\lib\tmp_RoT.lib(SF2__AITC.obj)
                0x000026fa                FabricIrq15_IRQHandler
 .text.GPIO0_IRQHandler
                0x0000270c       0x12 D:\Main\Repos\eMote\MicroFrameworkPK_v4_3\BuildOutput\THUMB2\GCC5.4\le\FLASH\RTM\SmartFusion2\lib\tmp_RoT.lib(SF2__AITC.obj)
                0x0000270c                GPIO0_IRQHandler
 .text.GPIO1_IRQHandler
                0x0000271e       0x12 D:\Main\Repos\eMote\MicroFrameworkPK_v4_3\BuildOutput\THUMB2\GCC5.4\le\FLASH\RTM\SmartFusion2\lib\tmp_RoT.lib(SF2__AITC.obj)
                0x0000271e                GPIO1_IRQHandler
 .text.GPIO2_IRQHandler
                0x00002730       0x12 D:\Main\Repos\eMote\MicroFrameworkPK_v4_3\BuildOutput\THUMB2\GCC5.4\le\FLASH\RTM\SmartFusion2\lib\tmp_RoT.lib(SF2__AITC.obj)
                0x00002730                GPIO2_IRQHandler
 .text.GPIO3_IRQHandler
                0x00002742       0x12 D:\Main\Repos\eMote\MicroFrameworkPK_v4_3\BuildOutput\THUMB2\GCC5.4\le\FLASH\RTM\SmartFusion2\lib\tmp_RoT.lib(SF2__AITC.obj)
                0x00002742                GPIO3_IRQHandler
 .text.GPIO4_IRQHandler
                0x00002754       0x12 D:\Main\Repos\eMote\MicroFrameworkPK_v4_3\BuildOutput\THUMB2\GCC5.4\le\FLASH\RTM\SmartFusion2\lib\tmp_RoT.lib(SF2__AITC.obj)
                0x00002754                GPIO4_IRQHandler
 .text.GPIO5_IRQHandler
                0x00002766       0x12 D:\Main\Repos\eMote\MicroFrameworkPK_v4_3\BuildOutput\THUMB2\GCC5.4\le\FLASH\RTM\SmartFusion2\lib\tmp_RoT.lib(SF2__AITC.obj)
                0x00002766                GPIO5_IRQHandler
 .text.GPIO6_IRQHandler
                0x00002778       0x12 D:\Main\Repos\eMote\MicroFrameworkPK_v4_3\BuildOutput\THUMB2\GCC5.4\le\FLASH\RTM\SmartFusion2\lib\tmp_RoT.lib(SF2__AITC.obj)
                0x00002778                GPIO6_IRQHandler
 .text.GPIO7_IRQHandler
                0x0000278a       0x12 D:\Main\Repos\eMote\MicroFrameworkPK_v4_3\BuildOutput\THUMB2\GCC5.4\le\FLASH\RTM\SmartFusion2\lib\tmp_RoT.lib(SF2__AITC.obj)
                0x0000278a                GPIO7_IRQHandler
 .text.GPIO8_IRQHandler
                0x0000279c       0x12 D:\Main\Repos\eMote\MicroFrameworkPK_v4_3\BuildOutput\THUMB2\GCC5.4\le\FLASH\RTM\SmartFusion2\lib\tmp_RoT.lib(SF2__AITC.obj)
                0x0000279c                GPIO8_IRQHandler
 .text.GPIO9_IRQHandler
                0x000027ae       0x12 D:\Main\Repos\eMote\MicroFrameworkPK_v4_3\BuildOutput\THUMB2\GCC5.4\le\FLASH\RTM\SmartFusion2\lib\tmp_RoT.lib(SF2__AITC.obj)
                0x000027ae                GPIO9_IRQHandler
 .text.GPIO10_IRQHandler
                0x000027c0       0x12 D:\Main\Repos\eMote\MicroFrameworkPK_v4_3\BuildOutput\THUMB2\GCC5.4\le\FLASH\RTM\SmartFusion2\lib\tmp_RoT.lib(SF2__AITC.obj)
                0x000027c0                GPIO10_IRQHandler
 .text.GPIO11_IRQHandler
                0x000027d2       0x12 D:\Main\Repos\eMote\MicroFrameworkPK_v4_3\BuildOutput\THUMB2\GCC5.4\le\FLASH\RTM\SmartFusion2\lib\tmp_RoT.lib(SF2__AITC.obj)
                0x000027d2                GPIO11_IRQHandler
 .text.GPIO12_IRQHandler
                0x000027e4       0x12 D:\Main\Repos\eMote\MicroFrameworkPK_v4_3\BuildOutput\THUMB2\GCC5.4\le\FLASH\RTM\SmartFusion2\lib\tmp_RoT.lib(SF2__AITC.obj)
                0x000027e4                GPIO12_IRQHandler
 .text.GPIO13_IRQHandler
                0x000027f6       0x12 D:\Main\Repos\eMote\MicroFrameworkPK_v4_3\BuildOutput\THUMB2\GCC5.4\le\FLASH\RTM\SmartFusion2\lib\tmp_RoT.lib(SF2__AITC.obj)
                0x000027f6                GPIO13_IRQHandler
 .text.GPIO14_IRQHandler
                0x00002808       0x12 D:\Main\Repos\eMote\MicroFrameworkPK_v4_3\BuildOutput\THUMB2\GCC5.4\le\FLASH\RTM\SmartFusion2\lib\tmp_RoT.lib(SF2__AITC.obj)
                0x00002808                GPIO14_IRQHandler
 .text.GPIO15_IRQHandler
                0x0000281a       0x12 D:\Main\Repos\eMote\MicroFrameworkPK_v4_3\BuildOutput\THUMB2\GCC5.4\le\FLASH\RTM\SmartFusion2\lib\tmp_RoT.lib(SF2__AITC.obj)
                0x0000281a                GPIO15_IRQHandler
 .text.GPIO16_IRQHandler
                0x0000282c       0x12 D:\Main\Repos\eMote\MicroFrameworkPK_v4_3\BuildOutput\THUMB2\GCC5.4\le\FLASH\RTM\SmartFusion2\lib\tmp_RoT.lib(SF2__AITC.obj)
                0x0000282c                GPIO16_IRQHandler
 .text.GPIO17_IRQHandler
                0x0000283e       0x12 D:\Main\Repos\eMote\MicroFrameworkPK_v4_3\BuildOutput\THUMB2\GCC5.4\le\FLASH\RTM\SmartFusion2\lib\tmp_RoT.lib(SF2__AITC.obj)
                0x0000283e                GPIO17_IRQHandler
 .text.GPIO18_IRQHandler
                0x00002850       0x12 D:\Main\Repos\eMote\MicroFrameworkPK_v4_3\BuildOutput\THUMB2\GCC5.4\le\FLASH\RTM\SmartFusion2\lib\tmp_RoT.lib(SF2__AITC.obj)
                0x00002850                GPIO18_IRQHandler
 .text.GPIO19_IRQHandler
                0x00002862       0x12 D:\Main\Repos\eMote\MicroFrameworkPK_v4_3\BuildOutput\THUMB2\GCC5.4\le\FLASH\RTM\SmartFusion2\lib\tmp_RoT.lib(SF2__AITC.obj)
                0x00002862                GPIO19_IRQHandler
 .text.GPIO20_IRQHandler
                0x00002874       0x12 D:\Main\Repos\eMote\MicroFrameworkPK_v4_3\BuildOutput\THUMB2\GCC5.4\le\FLASH\RTM\SmartFusion2\lib\tmp_RoT.lib(SF2__AITC.obj)
                0x00002874                GPIO20_IRQHandler
 .text.GPIO21_IRQHandler
                0x00002886       0x12 D:\Main\Repos\eMote\MicroFrameworkPK_v4_3\BuildOutput\THUMB2\GCC5.4\le\FLASH\RTM\SmartFusion2\lib\tmp_RoT.lib(SF2__AITC.obj)
                0x00002886                GPIO21_IRQHandler
 .text.GPIO22_IRQHandler
                0x00002898       0x12 D:\Main\Repos\eMote\MicroFrameworkPK_v4_3\BuildOutput\THUMB2\GCC5.4\le\FLASH\RTM\SmartFusion2\lib\tmp_RoT.lib(SF2__AITC.obj)
                0x00002898                GPIO22_IRQHandler
 .text.GPIO23_IRQHandler
                0x000028aa       0x12 D:\Main\Repos\eMote\MicroFrameworkPK_v4_3\BuildOutput\THUMB2\GCC5.4\le\FLASH\RTM\SmartFusion2\lib\tmp_RoT.lib(SF2__AITC.obj)
                0x000028aa                GPIO23_IRQHandler
 .text.GPIO24_IRQHandler
                0x000028bc       0x12 D:\Main\Repos\eMote\MicroFrameworkPK_v4_3\BuildOutput\THUMB2\GCC5.4\le\FLASH\RTM\SmartFusion2\lib\tmp_RoT.lib(SF2__AITC.obj)
                0x000028bc                GPIO24_IRQHandler
 .text.GPIO25_IRQHandler
                0x000028ce       0x12 D:\Main\Repos\eMote\MicroFrameworkPK_v4_3\BuildOutput\THUMB2\GCC5.4\le\FLASH\RTM\SmartFusion2\lib\tmp_RoT.lib(SF2__AITC.obj)
                0x000028ce                GPIO25_IRQHandler
 .text.GPIO26_IRQHandler
                0x000028e0       0x12 D:\Main\Repos\eMote\MicroFrameworkPK_v4_3\BuildOutput\THUMB2\GCC5.4\le\FLASH\RTM\SmartFusion2\lib\tmp_RoT.lib(SF2__AITC.obj)
                0x000028e0                GPIO26_IRQHandler
 .text.GPIO27_IRQHandler
                0x000028f2       0x12 D:\Main\Repos\eMote\MicroFrameworkPK_v4_3\BuildOutput\THUMB2\GCC5.4\le\FLASH\RTM\SmartFusion2\lib\tmp_RoT.lib(SF2__AITC.obj)
                0x000028f2                GPIO27_IRQHandler
 .text.GPIO28_IRQHandler
                0x00002904       0x12 D:\Main\Repos\eMote\MicroFrameworkPK_v4_3\BuildOutput\THUMB2\GCC5.4\le\FLASH\RTM\SmartFusion2\lib\tmp_RoT.lib(SF2__AITC.obj)
                0x00002904                GPIO28_IRQHandler
 .text.GPIO29_IRQHandler
                0x00002916       0x12 D:\Main\Repos\eMote\MicroFrameworkPK_v4_3\BuildOutput\THUMB2\GCC5.4\le\FLASH\RTM\SmartFusion2\lib\tmp_RoT.lib(SF2__AITC.obj)
                0x00002916                GPIO29_IRQHandler
 .text.GPIO30_IRQHandler
                0x00002928       0x12 D:\Main\Repos\eMote\MicroFrameworkPK_v4_3\BuildOutput\THUMB2\GCC5.4\le\FLASH\RTM\SmartFusion2\lib\tmp_RoT.lib(SF2__AITC.obj)
                0x00002928                GPIO30_IRQHandler
 .text.GPIO31_IRQHandler
                0x0000293a       0x12 D:\Main\Repos\eMote\MicroFrameworkPK_v4_3\BuildOutput\THUMB2\GCC5.4\le\FLASH\RTM\SmartFusion2\lib\tmp_RoT.lib(SF2__AITC.obj)
                0x0000293a                GPIO31_IRQHandler
 .text._ZN15SF2_AITC_Driver14IRQToIRQVectorEj
                0x0000294c       0x18 D:\Main\Repos\eMote\MicroFrameworkPK_v4_3\BuildOutput\THUMB2\GCC5.4\le\FLASH\RTM\SmartFusion2\lib\tmp_RoT.lib(SF2__AITC.obj)
                0x0000294c                SF2_AITC_Driver::IRQToIRQVector(unsigned int)
 .text._ZN15SF2_AITC_Driver14STUB_ISRVectorEPv
                0x00002964        0xc D:\Main\Repos\eMote\MicroFrameworkPK_v4_3\BuildOutput\THUMB2\GCC5.4\le\FLASH\RTM\SmartFusion2\lib\tmp_RoT.lib(SF2__AITC.obj)
                0x00002964                SF2_AITC_Driver::STUB_ISRVector(void*)
 .text._Z19CPU_INTC_Initializev
                0x00002970        0x4 D:\Main\Repos\eMote\MicroFrameworkPK_v4_3\BuildOutput\THUMB2\GCC5.4\le\FLASH\RTM\SmartFusion2\lib\tmp_RoT.lib(SF2_nvic_functions.obj)
                0x00002970                CPU_INTC_Initialize()
 .text._Z26CPU_INTC_ActivateInterruptjPFvPvES_
                0x00002974        0xa D:\Main\Repos\eMote\MicroFrameworkPK_v4_3\BuildOutput\THUMB2\GCC5.4\le\FLASH\RTM\SmartFusion2\lib\tmp_RoT.lib(SF2_nvic_functions.obj)
                0x00002974                CPU_INTC_ActivateInterrupt(unsigned int, void (*)(void*), void*)
 .text._Z21SimpleHeap_InitializePvj
                0x0000297e       0x28 D:\Main\Repos\eMote\MicroFrameworkPK_v4_3\BuildOutput\THUMB2\GCC5.4\le\FLASH\RTM\SmartFusion2\lib\tmp_RoT.lib(SimpleHeap.obj)
                0x0000297e                SimpleHeap_Initialize(void*, unsigned int)
 .text._Z18SimpleHeap_ReleasePv
                0x000029a6       0x9a D:\Main\Repos\eMote\MicroFrameworkPK_v4_3\BuildOutput\THUMB2\GCC5.4\le\FLASH\RTM\SmartFusion2\lib\tmp_RoT.lib(SimpleHeap.obj)
                0x000029a6                SimpleHeap_Release(void*)
 .text._Z19SimpleHeap_Allocatej
                0x00002a40       0x82 D:\Main\Repos\eMote\MicroFrameworkPK_v4_3\BuildOutput\THUMB2\GCC5.4\le\FLASH\RTM\SmartFusion2\lib\tmp_RoT.lib(SimpleHeap.obj)
                0x00002a40                SimpleHeap_Allocate(unsigned int)
 .text._malloc_r
                0x00002ac2       0x20 D:\Main\Repos\eMote\MicroFrameworkPK_v4_3\BuildOutput\THUMB2\GCC5.4\le\FLASH\RTM\SmartFusion2\lib\tmp_RoT.lib(SimpleHeap.obj)
                0x00002ac2                _malloc_r
 .text._calloc_r
                0x00002ae2       0x30 D:\Main\Repos\eMote\MicroFrameworkPK_v4_3\BuildOutput\THUMB2\GCC5.4\le\FLASH\RTM\SmartFusion2\lib\tmp_RoT.lib(SimpleHeap.obj)
                0x00002ae2                _calloc_r
 .text._free_r  0x00002b12       0x1c D:\Main\Repos\eMote\MicroFrameworkPK_v4_3\BuildOutput\THUMB2\GCC5.4\le\FLASH\RTM\SmartFusion2\lib\tmp_RoT.lib(SimpleHeap.obj)
                0x00002b12                _free_r
 .text._realloc_r
                0x00002b2e       0x2c D:\Main\Repos\eMote\MicroFrameworkPK_v4_3\BuildOutput\THUMB2\GCC5.4\le\FLASH\RTM\SmartFusion2\lib\tmp_RoT.lib(SimpleHeap.obj)
                0x00002b2e                _realloc_r
 .text._Z18CustomHeapLocationRPhRj
                0x00002b5a       0x18 D:\Main\Repos\eMote\MicroFrameworkPK_v4_3\BuildOutput\THUMB2\GCC5.4\le\FLASH\RTM\SmartFusion2\lib\tmp_RoT.lib(SimpleHeap_config.obj)
                0x00002b5a                CustomHeapLocation(unsigned char*&, unsigned int&)
 .text._Z9PowerInitv
                0x00002b72        0x2 D:\Main\Repos\eMote\MicroFrameworkPK_v4_3\BuildOutput\THUMB2\GCC5.4\le\FLASH\RTM\SmartFusion2\lib\tmp_RoT.lib(SimplePower.obj)
                0x00002b72                PowerInit()
 .text._Z5Resetv
                0x00002b74       0x20 D:\Main\Repos\eMote\MicroFrameworkPK_v4_3\BuildOutput\THUMB2\GCC5.4\le\FLASH\RTM\SmartFusion2\lib\tmp_RoT.lib(SimplePower.obj)
                0x00002b74                Reset()
 .text._ZN12SmartPtr_IRQ7ReleaseEv
                0x00002b94       0x10 D:\Main\Repos\eMote\MicroFrameworkPK_v4_3\BuildOutput\THUMB2\GCC5.4\le\FLASH\RTM\SmartFusion2\lib\tmp_RoT.lib(SmartPtr_thumb2.obj)
                0x00002b94                SmartPtr_IRQ::Release()
 .text._ZN12SmartPtr_IRQ5ProbeEv
                0x00002ba4       0x10 D:\Main\Repos\eMote\MicroFrameworkPK_v4_3\BuildOutput\THUMB2\GCC5.4\le\FLASH\RTM\SmartFusion2\lib\tmp_RoT.lib(SmartPtr_thumb2.obj)
                0x00002ba4                SmartPtr_IRQ::Probe()
 .text._ZN12SmartPtr_IRQ13ForceDisabledEPv
                0x00002bb4        0x6 D:\Main\Repos\eMote\MicroFrameworkPK_v4_3\BuildOutput\THUMB2\GCC5.4\le\FLASH\RTM\SmartFusion2\lib\tmp_RoT.lib(SmartPtr_thumb2.obj)
                0x00002bb4                SmartPtr_IRQ::ForceDisabled(void*)
 .text._ZN12SmartPtr_IRQ12ForceEnabledEPv
                0x00002bba        0x6 D:\Main\Repos\eMote\MicroFrameworkPK_v4_3\BuildOutput\THUMB2\GCC5.4\le\FLASH\RTM\SmartFusion2\lib\tmp_RoT.lib(SmartPtr_thumb2.obj)
                0x00002bba                SmartPtr_IRQ::ForceEnabled(void*)
 .text._ZN12SmartPtr_IRQ7DisableEv
                0x00002bc0        0xa D:\Main\Repos\eMote\MicroFrameworkPK_v4_3\BuildOutput\THUMB2\GCC5.4\le\FLASH\RTM\SmartFusion2\lib\tmp_RoT.lib(SmartPtr_thumb2.obj)
                0x00002bc0                SmartPtr_IRQ::Disable()
 .text._ZN12SmartPtr_IRQC2EPv
                0x00002bca        0xa D:\Main\Repos\eMote\MicroFrameworkPK_v4_3\BuildOutput\THUMB2\GCC5.4\le\FLASH\RTM\SmartFusion2\lib\tmp_RoT.lib(SmartPtr_thumb2.obj)
                0x00002bca                SmartPtr_IRQ::SmartPtr_IRQ(void*)
                0x00002bca                SmartPtr_IRQ::SmartPtr_IRQ(void*)
 .text._ZN12SmartPtr_IRQ7AcquireEv
                0x00002bd4        0xc D:\Main\Repos\eMote\MicroFrameworkPK_v4_3\BuildOutput\THUMB2\GCC5.4\le\FLASH\RTM\SmartFusion2\lib\tmp_RoT.lib(SmartPtr_thumb2.obj)
                0x00002bd4                SmartPtr_IRQ::Acquire()
 .text._ZN12SmartPtr_IRQ7RestoreEv
                0x00002be0        0xa D:\Main\Repos\eMote\MicroFrameworkPK_v4_3\BuildOutput\THUMB2\GCC5.4\le\FLASH\RTM\SmartFusion2\lib\tmp_RoT.lib(SmartPtr_thumb2.obj)
                0x00002be0                SmartPtr_IRQ::Restore()
 .text._ZN12SmartPtr_IRQD2Ev
                0x00002bea        0x8 D:\Main\Repos\eMote\MicroFrameworkPK_v4_3\BuildOutput\THUMB2\GCC5.4\le\FLASH\RTM\SmartFusion2\lib\tmp_RoT.lib(SmartPtr_thumb2.obj)
                0x00002bea                SmartPtr_IRQ::~SmartPtr_IRQ()
                0x00002bea                SmartPtr_IRQ::~SmartPtr_IRQ()
 .text.set_clock_frequency_globals
                0x00002bf2       0x50 D:\Main\Repos\eMote\MicroFrameworkPK_v4_3\BuildOutput\THUMB2\GCC5.4\le\FLASH\RTM\SmartFusion2\lib\tmp_RoT.lib(system_m2sxxx.obj)
 .text.SystemCoreClockUpdate
                0x00002c42       0xcc D:\Main\Repos\eMote\MicroFrameworkPK_v4_3\BuildOutput\THUMB2\GCC5.4\le\FLASH\RTM\SmartFusion2\lib\tmp_RoT.lib(system_m2sxxx.obj)
                0x00002c42                SystemCoreClockUpdate
 .text._Z32HAL_CONTINUATION_ExtendedExecutePv
                0x00002d0e       0x14 D:\Main\Repos\eMote\MicroFrameworkPK_v4_3\BuildOutput\THUMB2\GCC5.4\le\FLASH\RTM\SmartFusion2\lib\tmp_RoT.lib(VirtualTimer.obj)
                0x00002d0e                HAL_CONTINUATION_ExtendedExecute(void*)
 .text._ZN18VirtualTimerMapper20VirtTimerIndexMapperEhRh
                0x00002d22       0x24 D:\Main\Repos\eMote\MicroFrameworkPK_v4_3\BuildOutput\THUMB2\GCC5.4\le\FLASH\RTM\SmartFusion2\lib\tmp_RoT.lib(VirtualTimer.obj)
                0x00002d22                VirtualTimerMapper::VirtTimerIndexMapper(unsigned char, unsigned char&)
 .text._ZN18VirtualTimerMapper10InitializeEt
                0x00002d46       0x3a D:\Main\Repos\eMote\MicroFrameworkPK_v4_3\BuildOutput\THUMB2\GCC5.4\le\FLASH\RTM\SmartFusion2\lib\tmp_RoT.lib(VirtualTimer.obj)
                0x00002d46                VirtualTimerMapper::Initialize(unsigned short)
 .text._ZN18VirtualTimerMapper8SetTimerEhjjjjPFvPvE
                0x00002d80       0x9c D:\Main\Repos\eMote\MicroFrameworkPK_v4_3\BuildOutput\THUMB2\GCC5.4\le\FLASH\RTM\SmartFusion2\lib\tmp_RoT.lib(VirtualTimer.obj)
                0x00002d80                VirtualTimerMapper::SetTimer(unsigned char, unsigned int, unsigned int, unsigned int, unsigned int, void (*)(void*))
 .text._ZN18VirtualTimerMapper11ChangeTimerEhjjj
                0x00002e1c       0x40 D:\Main\Repos\eMote\MicroFrameworkPK_v4_3\BuildOutput\THUMB2\GCC5.4\le\FLASH\RTM\SmartFusion2\lib\tmp_RoT.lib(VirtualTimer.obj)
                0x00002e1c                VirtualTimerMapper::ChangeTimer(unsigned char, unsigned int, unsigned int, unsigned int)
 .text._ZN18VirtualTimerMapper9StopTimerEh
                0x00002e5c       0x26 D:\Main\Repos\eMote\MicroFrameworkPK_v4_3\BuildOutput\THUMB2\GCC5.4\le\FLASH\RTM\SmartFusion2\lib\tmp_RoT.lib(VirtualTimer.obj)
                0x00002e5c                VirtualTimerMapper::StopTimer(unsigned char)
 .text._ZN18VirtualTimerMapper12GetNextAlarmEv
                0x00002e82       0x6a D:\Main\Repos\eMote\MicroFrameworkPK_v4_3\BuildOutput\THUMB2\GCC5.4\le\FLASH\RTM\SmartFusion2\lib\tmp_RoT.lib(VirtualTimer.obj)
                0x00002e82                VirtualTimerMapper::GetNextAlarm()
 .text._ZN18VirtualTimerMapper23SetAlarmForTheNextTimerEv
                0x00002eec       0x6c D:\Main\Repos\eMote\MicroFrameworkPK_v4_3\BuildOutput\THUMB2\GCC5.4\le\FLASH\RTM\SmartFusion2\lib\tmp_RoT.lib(VirtualTimer.obj)
                0x00002eec                VirtualTimerMapper::SetAlarmForTheNextTimer()
 .text._ZN18VirtualTimerMapper10StartTimerEh
                0x00002f58       0x74 D:\Main\Repos\eMote\MicroFrameworkPK_v4_3\BuildOutput\THUMB2\GCC5.4\le\FLASH\RTM\SmartFusion2\lib\tmp_RoT.lib(VirtualTimer.obj)
                0x00002f58                VirtualTimerMapper::StartTimer(unsigned char)
 .text._ZN24VirtTimerHelperFunctions23HardwareVirtTimerMapperEjRh
                0x00002fcc        0xe D:\Main\Repos\eMote\MicroFrameworkPK_v4_3\BuildOutput\THUMB2\GCC5.4\le\FLASH\RTM\SmartFusion2\lib\tmp_RoT.lib(VirtualTimer.obj)
                0x00002fcc                VirtTimerHelperFunctions::HardwareVirtTimerMapper(unsigned int, unsigned char&)
 .text._ZN25HAL_CONTINUATION_Extended26InitializeExtendedCallbackEPFvPvES0_
                0x00002fda       0x4e D:\Main\Repos\eMote\MicroFrameworkPK_v4_3\BuildOutput\THUMB2\GCC5.4\le\FLASH\RTM\SmartFusion2\lib\tmp_RoT.lib(VirtualTimer.obj)
                0x00002fda                HAL_CONTINUATION_Extended::InitializeExtendedCallback(void (*)(void*), void*)
 .text._Z15queueVTCallbackP16VirtualTimerInfo
                0x00003028       0x40 D:\Main\Repos\eMote\MicroFrameworkPK_v4_3\BuildOutput\THUMB2\GCC5.4\le\FLASH\RTM\SmartFusion2\lib\tmp_RoT.lib(VirtualTimer.obj)
                0x00003028                queueVTCallback(VirtualTimerInfo*)
 .text._Z20VirtualTimerCallbackPv
                0x00003068       0xb8 D:\Main\Repos\eMote\MicroFrameworkPK_v4_3\BuildOutput\THUMB2\GCC5.4\le\FLASH\RTM\SmartFusion2\lib\tmp_RoT.lib(VirtualTimer.obj)
                0x00003068                VirtualTimerCallback(void*)
 .text._Z11TimeHandlerPv
                0x00003120       0x10 D:\Main\Repos\eMote\MicroFrameworkPK_v4_3\BuildOutput\THUMB2\GCC5.4\le\FLASH\RTM\SmartFusion2\lib\tmp_RoT.lib(eMote_Time.obj)
                0x00003120                TimeHandler(void*)
 .text._Z17SetCompareHandlerPv
                0x00003130        0x4 D:\Main\Repos\eMote\MicroFrameworkPK_v4_3\BuildOutput\THUMB2\GCC5.4\le\FLASH\RTM\SmartFusion2\lib\tmp_RoT.lib(eMote_Time.obj)
                0x00003130                SetCompareHandler(void*)
 .text._ZN11Time_Driver10InitializeEv
                0x00003134       0x7e D:\Main\Repos\eMote\MicroFrameworkPK_v4_3\BuildOutput\THUMB2\GCC5.4\le\FLASH\RTM\SmartFusion2\lib\tmp_RoT.lib(eMote_Time.obj)
                0x00003134                Time_Driver::Initialize()
 .text._ZN11Time_Driver12UninitializeEv
                0x000031b2       0x28 D:\Main\Repos\eMote\MicroFrameworkPK_v4_3\BuildOutput\THUMB2\GCC5.4\le\FLASH\RTM\SmartFusion2\lib\tmp_RoT.lib(eMote_Time.obj)
                0x000031b2                Time_Driver::Uninitialize()
 .text._ZN11Time_Driver12CurrentTicksEv
                0x000031da        0x6 D:\Main\Repos\eMote\MicroFrameworkPK_v4_3\BuildOutput\THUMB2\GCC5.4\le\FLASH\RTM\SmartFusion2\lib\tmp_RoT.lib(eMote_Time.obj)
                0x000031da                Time_Driver::CurrentTicks()
 .text._ZN11Time_Driver9StopTimerEv
                0x000031e0        0x6 D:\Main\Repos\eMote\MicroFrameworkPK_v4_3\BuildOutput\THUMB2\GCC5.4\le\FLASH\RTM\SmartFusion2\lib\tmp_RoT.lib(eMote_Time.obj)
                0x000031e0                Time_Driver::StopTimer()
 .text._ZN11Time_Driver15SetCompareValueEy
                0x000031e6       0x58 D:\Main\Repos\eMote\MicroFrameworkPK_v4_3\BuildOutput\THUMB2\GCC5.4\le\FLASH\RTM\SmartFusion2\lib\tmp_RoT.lib(eMote_Time.obj)
                0x000031e6                Time_Driver::SetCompareValue(unsigned long long)
 .text._ZN11Time_Driver37SetCompareValueSleepClockMicroSecondsEj
                0x0000323e       0x3e D:\Main\Repos\eMote\MicroFrameworkPK_v4_3\BuildOutput\THUMB2\GCC5.4\le\FLASH\RTM\SmartFusion2\lib\tmp_RoT.lib(eMote_Time.obj)
                0x0000323e                Time_Driver::SetCompareValueSleepClockMicroSeconds(unsigned int)
 .text._ZN11Time_Driver19TicksToMicrosecondsEy
                0x0000327c        0x6 D:\Main\Repos\eMote\MicroFrameworkPK_v4_3\BuildOutput\THUMB2\GCC5.4\le\FLASH\RTM\SmartFusion2\lib\tmp_RoT.lib(eMote_Time.obj)
                0x0000327c                Time_Driver::TicksToMicroseconds(unsigned long long)
 *fill*         0x00003282        0x2 
 .text._setlocale_r
                0x00003284       0x38 D:\Main\Repos\eMote\MicroFrameworkPK_v4_3\DeviceCode\Targets\Native\STM32F10x\DeviceCode\newlib\armv7-m\libc.a(lib_a-locale.o)
                0x00003284                _setlocale_r
 .text._localeconv_r
                0x000032bc        0x8 D:\Main\Repos\eMote\MicroFrameworkPK_v4_3\DeviceCode\Targets\Native\STM32F10x\DeviceCode\newlib\armv7-m\libc.a(lib_a-locale.o)
                0x000032bc                _localeconv_r
 .text.setlocale
                0x000032c4       0x10 D:\Main\Repos\eMote\MicroFrameworkPK_v4_3\DeviceCode\Targets\Native\STM32F10x\DeviceCode\newlib\armv7-m\libc.a(lib_a-locale.o)
                0x000032c4                setlocale
 .text.memcmp   0x000032d4       0x1e D:\Main\Repos\eMote\MicroFrameworkPK_v4_3\DeviceCode\Targets\Native\STM32F10x\DeviceCode\newlib\armv7-m\libc.a(lib_a-memcmp.o)
                0x000032d4                memcmp
 .text.memcpy   0x000032f2       0x16 D:\Main\Repos\eMote\MicroFrameworkPK_v4_3\DeviceCode\Targets\Native\STM32F10x\DeviceCode\newlib\armv7-m\libc.a(lib_a-memcpy-stub.o)
                0x000032f2                memcpy
 .text.memset   0x00003308       0x10 D:\Main\Repos\eMote\MicroFrameworkPK_v4_3\DeviceCode\Targets\Native\STM32F10x\DeviceCode\newlib\armv7-m\libc.a(lib_a-memset.o)
                0x00003308                memset
 .text          0x00003318       0x14 D:\Main\Repos\eMote\MicroFrameworkPK_v4_3\DeviceCode\Targets\Native\STM32F10x\DeviceCode\newlib\armv7-m\libc.a(lib_a-strcmp.o)
                0x00003318                strcmp
 .text._vsnprintf_r
                0x0000332c       0x56 D:\Main\Repos\eMote\MicroFrameworkPK_v4_3\DeviceCode\Targets\Native\STM32F10x\DeviceCode\newlib\armv7-m\libc.a(lib_a-vsnprintf.o)
                0x0000332c                _vsnprintf_r
 *fill*         0x00003382        0x2 
 .text.vsnprintf
                0x00003384       0x1c D:\Main\Repos\eMote\MicroFrameworkPK_v4_3\DeviceCode\Targets\Native\STM32F10x\DeviceCode\newlib\armv7-m\libc.a(lib_a-vsnprintf.o)
                0x00003384                vsnprintf
 .text._svfprintf_r
                0x000033a0      0xf70 D:\Main\Repos\eMote\MicroFrameworkPK_v4_3\DeviceCode\Targets\Native\STM32F10x\DeviceCode\newlib\armv7-m\libc.a(lib_a-svfprintf.o)
                0x000033a0                _svfprintf_r
 .text.quorem   0x00004310      0x116 D:\Main\Repos\eMote\MicroFrameworkPK_v4_3\DeviceCode\Targets\Native\STM32F10x\DeviceCode\newlib\armv7-m\libc.a(lib_a-dtoa.o)
 *fill*         0x00004426        0x2 
 .text._dtoa_r  0x00004428      0xb14 D:\Main\Repos\eMote\MicroFrameworkPK_v4_3\DeviceCode\Targets\Native\STM32F10x\DeviceCode\newlib\armv7-m\libc.a(lib_a-dtoa.o)
                0x00004428                _dtoa_r
 .text.memchr   0x00004f3c       0x1c D:\Main\Repos\eMote\MicroFrameworkPK_v4_3\DeviceCode\Targets\Native\STM32F10x\DeviceCode\newlib\armv7-m\libc.a(lib_a-memchr-stub.o)
                0x00004f3c                memchr
 .text._Balloc  0x00004f58       0x4c D:\Main\Repos\eMote\MicroFrameworkPK_v4_3\DeviceCode\Targets\Native\STM32F10x\DeviceCode\newlib\armv7-m\libc.a(lib_a-mprec.o)
                0x00004f58                _Balloc
 .text._Bfree   0x00004fa4       0x12 D:\Main\Repos\eMote\MicroFrameworkPK_v4_3\DeviceCode\Targets\Native\STM32F10x\DeviceCode\newlib\armv7-m\libc.a(lib_a-mprec.o)
                0x00004fa4                _Bfree
 .text.__multadd
                0x00004fb6       0x76 D:\Main\Repos\eMote\MicroFrameworkPK_v4_3\DeviceCode\Targets\Native\STM32F10x\DeviceCode\newlib\armv7-m\libc.a(lib_a-mprec.o)
                0x00004fb6                __multadd
 .text.__hi0bits
                0x0000502c       0x40 D:\Main\Repos\eMote\MicroFrameworkPK_v4_3\DeviceCode\Targets\Native\STM32F10x\DeviceCode\newlib\armv7-m\libc.a(lib_a-mprec.o)
                0x0000502c                __hi0bits
 .text.__lo0bits
                0x0000506c       0x5a D:\Main\Repos\eMote\MicroFrameworkPK_v4_3\DeviceCode\Targets\Native\STM32F10x\DeviceCode\newlib\armv7-m\libc.a(lib_a-mprec.o)
                0x0000506c                __lo0bits
 .text.__i2b    0x000050c6       0x12 D:\Main\Repos\eMote\MicroFrameworkPK_v4_3\DeviceCode\Targets\Native\STM32F10x\DeviceCode\newlib\armv7-m\libc.a(lib_a-mprec.o)
                0x000050c6                __i2b
 .text.__multiply
                0x000050d8      0x120 D:\Main\Repos\eMote\MicroFrameworkPK_v4_3\DeviceCode\Targets\Native\STM32F10x\DeviceCode\newlib\armv7-m\libc.a(lib_a-mprec.o)
                0x000050d8                __multiply
 .text.__pow5mult
                0x000051f8       0x80 D:\Main\Repos\eMote\MicroFrameworkPK_v4_3\DeviceCode\Targets\Native\STM32F10x\DeviceCode\newlib\armv7-m\libc.a(lib_a-mprec.o)
                0x000051f8                __pow5mult
 .text.__lshift
                0x00005278       0xa2 D:\Main\Repos\eMote\MicroFrameworkPK_v4_3\DeviceCode\Targets\Native\STM32F10x\DeviceCode\newlib\armv7-m\libc.a(lib_a-mprec.o)
                0x00005278                __lshift
 .text.__mcmp   0x0000531a       0x38 D:\Main\Repos\eMote\MicroFrameworkPK_v4_3\DeviceCode\Targets\Native\STM32F10x\DeviceCode\newlib\armv7-m\libc.a(lib_a-mprec.o)
                0x0000531a                __mcmp
 .text.__mdiff  0x00005352       0xbe D:\Main\Repos\eMote\MicroFrameworkPK_v4_3\DeviceCode\Targets\Native\STM32F10x\DeviceCode\newlib\armv7-m\libc.a(lib_a-mprec.o)
                0x00005352                __mdiff
 .text.__d2b    0x00005410       0x9c D:\Main\Repos\eMote\MicroFrameworkPK_v4_3\DeviceCode\Targets\Native\STM32F10x\DeviceCode\newlib\armv7-m\libc.a(lib_a-mprec.o)
                0x00005410                __d2b
 .text          0x000054ac       0x10 D:\Main\Repos\eMote\MicroFrameworkPK_v4_3\DeviceCode\Targets\Native\STM32F10x\DeviceCode\newlib\armv7-m\libc.a(lib_a-strlen.o)
                0x000054ac                strlen
 .text.__ssprint_r
                0x000054bc       0xfe D:\Main\Repos\eMote\MicroFrameworkPK_v4_3\DeviceCode\Targets\Native\STM32F10x\DeviceCode\newlib\armv7-m\libc.a(lib_a-svfiprintf.o)
                0x000054bc                __ssprint_r
 .text.memmove  0x000055ba       0x36 D:\Main\Repos\eMote\MicroFrameworkPK_v4_3\DeviceCode\Targets\Native\STM32F10x\DeviceCode\newlib\armv7-m\libc.a(lib_a-memmove.o)
                0x000055ba                memmove
 .text          0x000055f0      0x370 D:\Main\Repos\TestSystem\Compilers\GCC5.4.1\\lib\gcc\arm-none-eabi\5.4.1\armv7-m\libgcc.a(_arm_addsubdf3.o)
                0x000055f0                __aeabi_drsub
                0x000055f8                __aeabi_dsub
                0x000055f8                __subdf3
                0x000055fc                __aeabi_dadd
                0x000055fc                __adddf3
                0x00005874                __floatunsidf
                0x00005874                __aeabi_ui2d
                0x00005894                __floatsidf
                0x00005894                __aeabi_i2d
                0x000058b8                __aeabi_f2d
                0x000058b8                __extendsfdf2
                0x000058f4                __floatundidf
                0x000058f4                __aeabi_ul2d
                0x00005904                __floatdidf
                0x00005904                __aeabi_l2d
 .text          0x00005960      0x424 D:\Main\Repos\TestSystem\Compilers\GCC5.4.1\\lib\gcc\arm-none-eabi\5.4.1\armv7-m\libgcc.a(_arm_muldivdf3.o)
                0x00005960                __aeabi_dmul
                0x00005960                __muldf3
                0x00005bb4                __divdf3
                0x00005bb4                __aeabi_ddiv
 .text          0x00005d84      0x110 D:\Main\Repos\TestSystem\Compilers\GCC5.4.1\\lib\gcc\arm-none-eabi\5.4.1\armv7-m\libgcc.a(_arm_cmpdf2.o)
                0x00005d84                __gtdf2
                0x00005d84                __gedf2
                0x00005d8c                __ltdf2
                0x00005d8c                __ledf2
                0x00005d94                __nedf2
                0x00005d94                __eqdf2
                0x00005d94                __cmpdf2
                0x00005e10                __aeabi_cdrcmple
                0x00005e20                __aeabi_cdcmpeq
                0x00005e20                __aeabi_cdcmple
                0x00005e30                __aeabi_dcmpeq
                0x00005e44                __aeabi_dcmplt
                0x00005e58                __aeabi_dcmple
                0x00005e6c                __aeabi_dcmpge
                0x00005e80                __aeabi_dcmpgt
 .text          0x00005e94       0x2c D:\Main\Repos\TestSystem\Compilers\GCC5.4.1\\lib\gcc\arm-none-eabi\5.4.1\armv7-m\libgcc.a(_arm_unorddf2.o)
                0x00005e94                __unorddf2
                0x00005e94                __aeabi_dcmpun
 .text          0x00005ec0       0x50 D:\Main\Repos\TestSystem\Compilers\GCC5.4.1\\lib\gcc\arm-none-eabi\5.4.1\armv7-m\libgcc.a(_arm_fixdfsi.o)
                0x00005ec0                __aeabi_d2iz
                0x00005ec0                __fixdfsi
 .text          0x00005f10       0x30 D:\Main\Repos\TestSystem\Compilers\GCC5.4.1\\lib\gcc\arm-none-eabi\5.4.1\armv7-m\libgcc.a(_aeabi_uldivmod.o)
                0x00005f10                __aeabi_uldivmod
 .text          0x00005f40      0x2ec D:\Main\Repos\TestSystem\Compilers\GCC5.4.1\\lib\gcc\arm-none-eabi\5.4.1\armv7-m\libgcc.a(_udivmoddi4.o)
                0x00005f40                __udivmoddi4
 .text          0x0000622c        0x4 D:\Main\Repos\TestSystem\Compilers\GCC5.4.1\\lib\gcc\arm-none-eabi\5.4.1\armv7-m\libgcc.a(_dvmd_tls.o)
                0x0000622c                __aeabi_idiv0
                0x0000622c                __aeabi_ldiv0
 *(i.*)
 *(t.*)
 *(.rodata*)
 .rodata.str1.1
                0x00006230        0x0 D:\Main\Repos\eMote\MicroFrameworkPK_v4_3\BuildOutput\THUMB2\GCC5.4\le\FLASH\RTM\SmartFusion2\lib\tmp_RoT.lib(tinyhal.obj)
                                  0x1 (size before relaxing)
 .rodata._ZL32SF2_CM3_BlockRange_InternalFlash
                0x00006230       0x3c D:\Main\Repos\eMote\MicroFrameworkPK_v4_3\BuildOutput\THUMB2\GCC5.4\le\FLASH\RTM\SmartFusion2\lib\tmp_RoT.lib(bl_config.obj)
 .rodata._ZL37SF2_CM3_BlockRegionInfo_InternalFlash
                0x0000626c       0x14 D:\Main\Repos\eMote\MicroFrameworkPK_v4_3\BuildOutput\THUMB2\GCC5.4\le\FLASH\RTM\SmartFusion2\lib\tmp_RoT.lib(bl_config.obj)
 .rodata.str1.1
                0x00006280       0x1a D:\Main\Repos\eMote\MicroFrameworkPK_v4_3\BuildOutput\THUMB2\GCC5.4\le\FLASH\RTM\SmartFusion2\lib\tmp_RoT.lib(Commands.obj)
 .rodata._ZL15g_gpio_irqn_lut
                0x0000629a       0x20 D:\Main\Repos\eMote\MicroFrameworkPK_v4_3\BuildOutput\THUMB2\GCC5.4\le\FLASH\RTM\SmartFusion2\lib\tmp_RoT.lib(netmf_gpio.obj)
 .rodata        0x000062ba       0x25 D:\Main\Repos\eMote\MicroFrameworkPK_v4_3\BuildOutput\THUMB2\GCC5.4\le\FLASH\RTM\SmartFusion2\lib\tmp_RoT.lib(SF2__AITC.obj)
 .rodata.str1.1
                0x000062df       0xb9 D:\Main\Repos\eMote\MicroFrameworkPK_v4_3\BuildOutput\THUMB2\GCC5.4\le\FLASH\RTM\SmartFusion2\lib\tmp_RoT.lib(SimpleHeap.obj)
 .rodata        0x00006398        0x8 D:\Main\Repos\eMote\MicroFrameworkPK_v4_3\BuildOutput\THUMB2\GCC5.4\le\FLASH\RTM\SmartFusion2\lib\tmp_RoT.lib(system_m2sxxx.obj)
 .rodata.str1.1
                0x000063a0        0xa D:\Main\Repos\eMote\MicroFrameworkPK_v4_3\DeviceCode\Targets\Native\STM32F10x\DeviceCode\newlib\armv7-m\libc.a(lib_a-locale.o)
                                  0xb (size before relaxing)
 .rodata.str1.1
                0x000063aa        0x2 D:\Main\Repos\eMote\MicroFrameworkPK_v4_3\DeviceCode\Targets\Native\STM32F10x\DeviceCode\newlib\armv7-m\libc.a(lib_a-impure.o)
 .rodata.blanks.7055
                0x000063aa       0x10 D:\Main\Repos\eMote\MicroFrameworkPK_v4_3\DeviceCode\Targets\Native\STM32F10x\DeviceCode\newlib\armv7-m\libc.a(lib_a-svfprintf.o)
 .rodata.str1.1
                0x000063ba       0x34 D:\Main\Repos\eMote\MicroFrameworkPK_v4_3\DeviceCode\Targets\Native\STM32F10x\DeviceCode\newlib\armv7-m\libc.a(lib_a-svfprintf.o)
 .rodata.zeroes.7056
                0x000063ee       0x10 D:\Main\Repos\eMote\MicroFrameworkPK_v4_3\DeviceCode\Targets\Native\STM32F10x\DeviceCode\newlib\armv7-m\libc.a(lib_a-svfprintf.o)
 .rodata.str1.1
                0x000063fe        0xd D:\Main\Repos\eMote\MicroFrameworkPK_v4_3\DeviceCode\Targets\Native\STM32F10x\DeviceCode\newlib\armv7-m\libc.a(lib_a-dtoa.o)
                                  0xf (size before relaxing)
 *fill*         0x0000640b        0x1 
 .rodata.p05.5397
                0x0000640c        0xc D:\Main\Repos\eMote\MicroFrameworkPK_v4_3\DeviceCode\Targets\Native\STM32F10x\DeviceCode\newlib\armv7-m\libc.a(lib_a-mprec.o)
 .rodata.__mprec_tens
                0x00006418       0xc8 D:\Main\Repos\eMote\MicroFrameworkPK_v4_3\DeviceCode\Targets\Native\STM32F10x\DeviceCode\newlib\armv7-m\libc.a(lib_a-mprec.o)
                0x00006418                __mprec_tens
 .rodata.__mprec_bigtens
                0x000064e0       0x28 D:\Main\Repos\eMote\MicroFrameworkPK_v4_3\DeviceCode\Targets\Native\STM32F10x\DeviceCode\newlib\armv7-m\libc.a(lib_a-mprec.o)
                0x000064e0                __mprec_bigtens
 *(rodata)
 *(.constdata*)
 *(.conststring*)
 *(tinyclr_metadata)
                [!provide]                PROVIDE (_sbrk, .)
                [!provide]                PROVIDE (_write, .)
                [!provide]                PROVIDE (_close, .)
                [!provide]                PROVIDE (_fstat, .)
                [!provide]                PROVIDE (_lseek, .)
                [!provide]                PROVIDE (_read, .)
                [!provide]                PROVIDE (_exit, .)
                [!provide]                PROVIDE (_getpid, .)
                [!provide]                PROVIDE (_kill, .)
                [!provide]                PROVIDE (abort, .)
                [!provide]                PROVIDE (__errno, .)
                [!provide]                PROVIDE (_read, .)
                [!provide]                PROVIDE (isatty, .)
                [!provide]                PROVIDE (_isatty, .)
                0x00006508        0x4 LONG 0xe12fff1e

.v4_bx          0x0000650c        0x0 load address 0x6000650c
 .v4_bx         0x0000650c        0x0 linker stubs

.iplt           0x0000650c        0x0 load address 0x6000650c
 .iplt          0x0000650c        0x0 D:\Main\Repos\eMote\MicroFrameworkPK_v4_3\BuildOutput\THUMB2\GCC5.4\le\FLASH\RTM\SmartFusion2\obj\Solutions\SmartFusion2\RoT\RoT.obj

.igot.plt       0x0000650c        0x0 load address 0x6000650c
 .igot.plt      0x0000650c        0x0 D:\Main\Repos\eMote\MicroFrameworkPK_v4_3\BuildOutput\THUMB2\GCC5.4\le\FLASH\RTM\SmartFusion2\obj\Solutions\SmartFusion2\RoT\RoT.obj

ER_STACK_BOTTOM
 *(SectionForStackBottom)

ER_STACK_TOP    0x20001000        0x4
 *(SectionForStackTop)
 SectionForStackTop
                0x20001000        0x4 D:\Main\Repos\eMote\MicroFrameworkPK_v4_3\BuildOutput\THUMB2\GCC5.4\le\FLASH\RTM\SmartFusion2\lib\tmp_RoT.lib(FirstEntry.obj)
                0x20001000                StackTop

ER_RAM_RO       0x20001010        0x0 load address 0x60006510
 *(SectionForFlashOperations)

ER_RAM_RW       0x20001010      0x93c load address 0x60006510
 *(rwdata)
 rwdata         0x20001010      0x3f0 D:\Main\Repos\eMote\MicroFrameworkPK_v4_3\BuildOutput\THUMB2\GCC5.4\le\FLASH\RTM\SmartFusion2\lib\tmp_RoT.lib(SF2__AITC.obj)
                0x20001010                SF2_AITC_Driver::s_IsrTable
 *(.data*)
 .data.dKey     0x20001400       0x20 D:\Main\Repos\eMote\MicroFrameworkPK_v4_3\BuildOutput\THUMB2\GCC5.4\le\FLASH\RTM\SmartFusion2\obj\Solutions\SmartFusion2\RoT\RoT.obj
                0x20001400                dKey
 .data.dSig     0x20001420        0x4 D:\Main\Repos\eMote\MicroFrameworkPK_v4_3\BuildOutput\THUMB2\GCC5.4\le\FLASH\RTM\SmartFusion2\obj\Solutions\SmartFusion2\RoT\RoT.obj
                0x20001420                dSig
 .data.correctSig
                0x20001424       0x20 D:\Main\Repos\eMote\MicroFrameworkPK_v4_3\BuildOutput\THUMB2\GCC5.4\le\FLASH\RTM\SmartFusion2\obj\Solutions\SmartFusion2\RoT\RoT.obj
                0x20001424                correctSig
 .data.SF2_CM3_BlockDeviceInfo_InternalFlash
                0x20001444       0x1c D:\Main\Repos\eMote\MicroFrameworkPK_v4_3\BuildOutput\THUMB2\GCC5.4\le\FLASH\RTM\SmartFusion2\lib\tmp_RoT.lib(bl_config.obj)
                0x20001444                SF2_CM3_BlockDeviceInfo_InternalFlash
 .data.SF2_CM3_blConfig_InternalFlash
                0x20001460        0xc D:\Main\Repos\eMote\MicroFrameworkPK_v4_3\BuildOutput\THUMB2\GCC5.4\le\FLASH\RTM\SmartFusion2\lib\tmp_RoT.lib(bl_config.obj)
                0x20001460                SF2_CM3_blConfig_InternalFlash
 .data.SF2_CM3_IBlockStorageDevice_InternalFlash
                0x2000146c       0x34 D:\Main\Repos\eMote\MicroFrameworkPK_v4_3\BuildOutput\THUMB2\GCC5.4\le\FLASH\RTM\SmartFusion2\lib\tmp_RoT.lib(netmf_bl.obj)
                0x2000146c                SF2_CM3_IBlockStorageDevice_InternalFlash
 .data.HalSystemConfig
                0x200014a0       0x28 D:\Main\Repos\eMote\MicroFrameworkPK_v4_3\BuildOutput\THUMB2\GCC5.4\le\FLASH\RTM\SmartFusion2\lib\tmp_RoT.lib(OEM_Model_SKU_NetworkID.obj)
                0x200014a0                HalSystemConfig
 .data.g_FrequencyFIC64
                0x200014c8        0x4 D:\Main\Repos\eMote\MicroFrameworkPK_v4_3\BuildOutput\THUMB2\GCC5.4\le\FLASH\RTM\SmartFusion2\lib\tmp_RoT.lib(system_m2sxxx.obj)
                0x200014c8                g_FrequencyFIC64
 .data.g_FrequencyPCLK2
                0x200014cc        0x4 D:\Main\Repos\eMote\MicroFrameworkPK_v4_3\BuildOutput\THUMB2\GCC5.4\le\FLASH\RTM\SmartFusion2\lib\tmp_RoT.lib(system_m2sxxx.obj)
                0x200014cc                g_FrequencyPCLK2
 .data.g_FrequencyFIC0
                0x200014d0        0x4 D:\Main\Repos\eMote\MicroFrameworkPK_v4_3\BuildOutput\THUMB2\GCC5.4\le\FLASH\RTM\SmartFusion2\lib\tmp_RoT.lib(system_m2sxxx.obj)
                0x200014d0                g_FrequencyFIC0
 .data.g_FrequencyFIC1
                0x200014d4        0x4 D:\Main\Repos\eMote\MicroFrameworkPK_v4_3\BuildOutput\THUMB2\GCC5.4\le\FLASH\RTM\SmartFusion2\lib\tmp_RoT.lib(system_m2sxxx.obj)
                0x200014d4                g_FrequencyFIC1
 .data.g_FrequencyPCLK0
                0x200014d8        0x4 D:\Main\Repos\eMote\MicroFrameworkPK_v4_3\BuildOutput\THUMB2\GCC5.4\le\FLASH\RTM\SmartFusion2\lib\tmp_RoT.lib(system_m2sxxx.obj)
                0x200014d8                g_FrequencyPCLK0
 .data.g_FrequencyPCLK1
                0x200014dc        0x4 D:\Main\Repos\eMote\MicroFrameworkPK_v4_3\BuildOutput\THUMB2\GCC5.4\le\FLASH\RTM\SmartFusion2\lib\tmp_RoT.lib(system_m2sxxx.obj)
                0x200014dc                g_FrequencyPCLK1
 .data.SystemCoreClock
                0x200014e0        0x4 D:\Main\Repos\eMote\MicroFrameworkPK_v4_3\BuildOutput\THUMB2\GCC5.4\le\FLASH\RTM\SmartFusion2\lib\tmp_RoT.lib(system_m2sxxx.obj)
                0x200014e0                SystemCoreClock
 .data.lconv    0x200014e4       0x38 D:\Main\Repos\eMote\MicroFrameworkPK_v4_3\DeviceCode\Targets\Native\STM32F10x\DeviceCode\newlib\armv7-m\libc.a(lib_a-locale.o)
 *fill*         0x2000151c        0x4 
 .data.impure_data
                0x20001520      0x428 D:\Main\Repos\eMote\MicroFrameworkPK_v4_3\DeviceCode\Targets\Native\STM32F10x\DeviceCode\newlib\armv7-m\libc.a(lib_a-impure.o)
 .data._impure_ptr
                0x20001948        0x4 D:\Main\Repos\eMote\MicroFrameworkPK_v4_3\DeviceCode\Targets\Native\STM32F10x\DeviceCode\newlib\armv7-m\libc.a(lib_a-impure.o)
                0x20001948                _impure_ptr
 *(.zidata*)

.bss            0x20001950      0xe34 load address 0x60006e50
 *(.bss*)
 .bss.g_eng     0x20001950      0x83c D:\Main\Repos\eMote\MicroFrameworkPK_v4_3\BuildOutput\THUMB2\GCC5.4\le\FLASH\RTM\SmartFusion2\lib\tmp_RoT.lib(RoT_Services.obj)
                0x20001950                g_eng
 .bss.SystemStates
                0x2000218c       0x14 D:\Main\Repos\eMote\MicroFrameworkPK_v4_3\BuildOutput\THUMB2\GCC5.4\le\FLASH\RTM\SmartFusion2\lib\tmp_RoT.lib(tinyhal.obj)
                0x2000218c                SystemStates
 .bss.g_fDoNotUninitializeDebuggerPort
                0x200021a0        0x1 D:\Main\Repos\eMote\MicroFrameworkPK_v4_3\BuildOutput\THUMB2\GCC5.4\le\FLASH\RTM\SmartFusion2\lib\tmp_RoT.lib(tinyhal.obj)
                0x200021a0                g_fDoNotUninitializeDebuggerPort
 *fill*         0x200021a1        0x3 
 .bss.LOAD_IMAGE_Start
                0x200021a4        0x4 D:\Main\Repos\eMote\MicroFrameworkPK_v4_3\BuildOutput\THUMB2\GCC5.4\le\FLASH\RTM\SmartFusion2\lib\tmp_RoT.lib(tinyhal.obj)
                0x200021a4                LOAD_IMAGE_Start
 .bss.LOAD_IMAGE_Length
                0x200021a8        0x4 D:\Main\Repos\eMote\MicroFrameworkPK_v4_3\BuildOutput\THUMB2\GCC5.4\le\FLASH\RTM\SmartFusion2\lib\tmp_RoT.lib(tinyhal.obj)
                0x200021a8                LOAD_IMAGE_Length
 .bss._ZN12VirtualTimer13isInitializedE
                0x200021ac        0x4 D:\Main\Repos\eMote\MicroFrameworkPK_v4_3\BuildOutput\THUMB2\GCC5.4\le\FLASH\RTM\SmartFusion2\lib\tmp_RoT.lib(VirtualTimer_pal.obj)
                0x200021ac                VirtualTimer::isInitialized
 .bss.gVirtualTimerObject
                0x200021b0      0x288 D:\Main\Repos\eMote\MicroFrameworkPK_v4_3\BuildOutput\THUMB2\GCC5.4\le\FLASH\RTM\SmartFusion2\lib\tmp_RoT.lib(VirtualTimer_pal.obj)
                0x200021b0                gVirtualTimerObject
 .bss.g_HAL_Completion_List
                0x20002438        0xc D:\Main\Repos\eMote\MicroFrameworkPK_v4_3\BuildOutput\THUMB2\GCC5.4\le\FLASH\RTM\SmartFusion2\lib\tmp_RoT.lib(asyncproccall_fastcompile.obj)
                0x20002438                g_HAL_Completion_List
 *fill*         0x20002444        0x4 
 .bss._ZL8waitTime
                0x20002448        0x8 D:\Main\Repos\eMote\MicroFrameworkPK_v4_3\BuildOutput\THUMB2\GCC5.4\le\FLASH\RTM\SmartFusion2\lib\tmp_RoT.lib(asyncproccall_fastcompile.obj)
 .bss.g_HAL_Continuation_List
                0x20002450        0xc D:\Main\Repos\eMote\MicroFrameworkPK_v4_3\BuildOutput\THUMB2\GCC5.4\le\FLASH\RTM\SmartFusion2\lib\tmp_RoT.lib(asyncproccall_fastcompile.obj)
                0x20002450                g_HAL_Continuation_List
 .bss.SF2_CM3_BlockStorageDevice_InternalFlash